Archive member included to satisfy reference by file (symbol)

E:/Microprocessors-Microcontrollers/STM32CubeIDE/STM32CubeIDE_1.14.0/STM32CubeIDE/plugins/com.st.stm32cube.ide.mcu.externaltools.gnu-tools-for-stm32.11.3.rel1.win32_1.1.100.202309141235/tools/bin/../lib/gcc/arm-none-eabi/11.3.1/../../../../arm-none-eabi/lib/thumb/v7e-m+fp/hard\libc_nano.a(libc_a-exit.o)
                              E:/Microprocessors-Microcontrollers/STM32CubeIDE/STM32CubeIDE_1.14.0/STM32CubeIDE/plugins/com.st.stm32cube.ide.mcu.externaltools.gnu-tools-for-stm32.11.3.rel1.win32_1.1.100.202309141235/tools/bin/../lib/gcc/arm-none-eabi/11.3.1/../../../../arm-none-eabi/lib/thumb/v7e-m+fp/hard/crt0.o (exit)
E:/Microprocessors-Microcontrollers/STM32CubeIDE/STM32CubeIDE_1.14.0/STM32CubeIDE/plugins/com.st.stm32cube.ide.mcu.externaltools.gnu-tools-for-stm32.11.3.rel1.win32_1.1.100.202309141235/tools/bin/../lib/gcc/arm-none-eabi/11.3.1/../../../../arm-none-eabi/lib/thumb/v7e-m+fp/hard\libc_nano.a(libc_a-rand.o)
                              ./Core/Src/game_ui.o (srand)
E:/Microprocessors-Microcontrollers/STM32CubeIDE/STM32CubeIDE_1.14.0/STM32CubeIDE/plugins/com.st.stm32cube.ide.mcu.externaltools.gnu-tools-for-stm32.11.3.rel1.win32_1.1.100.202309141235/tools/bin/../lib/gcc/arm-none-eabi/11.3.1/../../../../arm-none-eabi/lib/thumb/v7e-m+fp/hard\libc_nano.a(libc_a-nano-vfprintf_float.o)
                              (_printf_float)
E:/Microprocessors-Microcontrollers/STM32CubeIDE/STM32CubeIDE_1.14.0/STM32CubeIDE/plugins/com.st.stm32cube.ide.mcu.externaltools.gnu-tools-for-stm32.11.3.rel1.win32_1.1.100.202309141235/tools/bin/../lib/gcc/arm-none-eabi/11.3.1/../../../../arm-none-eabi/lib/thumb/v7e-m+fp/hard\libc_nano.a(libc_a-nano-vfprintf_i.o)
                              E:/Microprocessors-Microcontrollers/STM32CubeIDE/STM32CubeIDE_1.14.0/STM32CubeIDE/plugins/com.st.stm32cube.ide.mcu.externaltools.gnu-tools-for-stm32.11.3.rel1.win32_1.1.100.202309141235/tools/bin/../lib/gcc/arm-none-eabi/11.3.1/../../../../arm-none-eabi/lib/thumb/v7e-m+fp/hard\libc_nano.a(libc_a-nano-vfprintf_float.o) (_printf_common)
E:/Microprocessors-Microcontrollers/STM32CubeIDE/STM32CubeIDE_1.14.0/STM32CubeIDE/plugins/com.st.stm32cube.ide.mcu.externaltools.gnu-tools-for-stm32.11.3.rel1.win32_1.1.100.202309141235/tools/bin/../lib/gcc/arm-none-eabi/11.3.1/../../../../arm-none-eabi/lib/thumb/v7e-m+fp/hard\libc_nano.a(libc_a-findfp.o)
                              E:/Microprocessors-Microcontrollers/STM32CubeIDE/STM32CubeIDE_1.14.0/STM32CubeIDE/plugins/com.st.stm32cube.ide.mcu.externaltools.gnu-tools-for-stm32.11.3.rel1.win32_1.1.100.202309141235/tools/bin/../lib/gcc/arm-none-eabi/11.3.1/../../../../arm-none-eabi/lib/thumb/v7e-m+fp/hard\libc_nano.a(libc_a-exit.o) (__stdio_exit_handler)
E:/Microprocessors-Microcontrollers/STM32CubeIDE/STM32CubeIDE_1.14.0/STM32CubeIDE/plugins/com.st.stm32cube.ide.mcu.externaltools.gnu-tools-for-stm32.11.3.rel1.win32_1.1.100.202309141235/tools/bin/../lib/gcc/arm-none-eabi/11.3.1/../../../../arm-none-eabi/lib/thumb/v7e-m+fp/hard\libc_nano.a(libc_a-fwalk.o)
                              E:/Microprocessors-Microcontrollers/STM32CubeIDE/STM32CubeIDE_1.14.0/STM32CubeIDE/plugins/com.st.stm32cube.ide.mcu.externaltools.gnu-tools-for-stm32.11.3.rel1.win32_1.1.100.202309141235/tools/bin/../lib/gcc/arm-none-eabi/11.3.1/../../../../arm-none-eabi/lib/thumb/v7e-m+fp/hard\libc_nano.a(libc_a-findfp.o) (_fwalk_sglue)
E:/Microprocessors-Microcontrollers/STM32CubeIDE/STM32CubeIDE_1.14.0/STM32CubeIDE/plugins/com.st.stm32cube.ide.mcu.externaltools.gnu-tools-for-stm32.11.3.rel1.win32_1.1.100.202309141235/tools/bin/../lib/gcc/arm-none-eabi/11.3.1/../../../../arm-none-eabi/lib/thumb/v7e-m+fp/hard\libc_nano.a(libc_a-sprintf.o)
                              ./Core/Src/game_ui.o (sprintf)
E:/Microprocessors-Microcontrollers/STM32CubeIDE/STM32CubeIDE_1.14.0/STM32CubeIDE/plugins/com.st.stm32cube.ide.mcu.externaltools.gnu-tools-for-stm32.11.3.rel1.win32_1.1.100.202309141235/tools/bin/../lib/gcc/arm-none-eabi/11.3.1/../../../../arm-none-eabi/lib/thumb/v7e-m+fp/hard\libc_nano.a(libc_a-stdio.o)
                              E:/Microprocessors-Microcontrollers/STM32CubeIDE/STM32CubeIDE_1.14.0/STM32CubeIDE/plugins/com.st.stm32cube.ide.mcu.externaltools.gnu-tools-for-stm32.11.3.rel1.win32_1.1.100.202309141235/tools/bin/../lib/gcc/arm-none-eabi/11.3.1/../../../../arm-none-eabi/lib/thumb/v7e-m+fp/hard\libc_nano.a(libc_a-findfp.o) (__sread)
E:/Microprocessors-Microcontrollers/STM32CubeIDE/STM32CubeIDE_1.14.0/STM32CubeIDE/plugins/com.st.stm32cube.ide.mcu.externaltools.gnu-tools-for-stm32.11.3.rel1.win32_1.1.100.202309141235/tools/bin/../lib/gcc/arm-none-eabi/11.3.1/../../../../arm-none-eabi/lib/thumb/v7e-m+fp/hard\libc_nano.a(libc_a-memset.o)
[...]
Memory Configuration

Name             Origin             Length             Attributes
CCMRAM           0x0000000010000000 0x0000000000010000 xrw
RAM              0x0000000020000000 0x0000000000020000 xrw
FLASH            0x0000000008000000 0x0000000000100000 xr
*default*        0x0000000000000000 0xffffffffffffffff

Linker script and memory map

LOAD E:/Microprocessors-Microcontrollers/STM32CubeIDE/STM32CubeIDE_1.14.0/STM32CubeIDE/plugins/com.st.stm32cube.ide.mcu.externaltools.gnu-tools-for-stm32.11.3.rel1.win32_1.1.100.202309141235/tools/bin/../lib/gcc/arm-none-eabi/11.3.1/thumb/v7e-m+fp/hard/crti.o
LOAD E:/Microprocessors-Microcontrollers/STM32CubeIDE/STM32CubeIDE_1.14.0/STM32CubeIDE/plugins/com.st.stm32cube.ide.mcu.externaltools.gnu-tools-for-stm32.11.3.rel1.win32_1.1.100.202309141235/tools/bin/../lib/gcc/arm-none-eabi/11.3.1/thumb/v7e-m+fp/hard/crtbegin.o
LOAD E:/Microprocessors-Microcontrollers/STM32CubeIDE/STM32CubeIDE_1.14.0/STM32CubeIDE/plugins/com.st.stm32cube.ide.mcu.externaltools.gnu-tools-for-stm32.11.3.rel1.win32_1.1.100.202309141235/tools/bin/../lib/gcc/arm-none-eabi/11.3.1/../../../../arm-none-eabi/lib/thumb/v7e-m+fp/hard/crt0.o
LOAD ./Core/Src/adc.o
LOAD ./Core/Src/button.o
LOAD ./Core/Src/dma.o
LOAD ./Core/Src/ds3231.o
LOAD ./Core/Src/fsmc.o
LOAD ./Core/Src/game_logic.o
LOAD ./Core/Src/game_ui.o
LOAD ./Core/Src/gpio.o
LOAD ./Core/Src/i2c.o
LOAD ./Core/Src/lcd.o
LOAD ./Core/Src/led_7seg.o
LOAD ./Core/Src/main.o
LOAD ./Core/Src/picture.o
LOAD ./Core/Src/software_timer.o
LOAD ./Core/Src/spi.o
LOAD ./Core/Src/stm32f4xx_hal_msp.o
LOAD ./Core/Src/stm32f4xx_it.o
LOAD ./Core/Src/syscalls.o
LOAD ./Core/Src/sysmem.o
LOAD ./Core/Src/system_stm32f4xx.o
LOAD ./Core/Src/tim.o
LOAD ./Core/Src/utils.o
LOAD ./Core/Startup/startup_stm32f407zetx.o
LOAD ./Drivers/STM32F4xx_HAL_Driver/Src/stm32f4xx_hal.o
LOAD ./Drivers/STM32F4xx_HAL_Driver/Src/stm32f4xx_hal_adc.o
LOAD ./Drivers/STM32F4xx_HAL_Driver/Src/stm32f4xx_hal_adc_ex.o
LOAD ./Drivers/STM32F4xx_HAL_Driver/Src/stm32f4xx_hal_cortex.o
LOAD ./Drivers/STM32F4xx_HAL_Driver/Src/stm32f4xx_hal_dma.o
LOAD ./Drivers/STM32F4xx_HAL_Driver/Src/stm32f4xx_hal_dma_ex.o
LOAD ./Drivers/STM32F4xx_HAL_Driver/Src/stm32f4xx_hal_exti.o
LOAD ./Drivers/STM32F4xx_HAL_Driver/Src/stm32f4xx_hal_flash.o
LOAD ./Drivers/STM32F4xx_HAL_Driver/Src/stm32f4xx_hal_flash_ex.o
LOAD ./Drivers/STM32F4xx_HAL_Driver/Src/stm32f4xx_hal_flash_ramfunc.o
LOAD ./Drivers/STM32F4xx_HAL_Driver/Src/stm32f4xx_hal_gpio.o
LOAD ./Drivers/STM32F4xx_HAL_Driver/Src/stm32f4xx_hal_i2c.o
LOAD ./Drivers/STM32F4xx_HAL_Driver/Src/stm32f4xx_hal_i2c_ex.o
LOAD ./Drivers/STM32F4xx_HAL_Driver/Src/stm32f4xx_hal_pwr.o
LOAD ./Drivers/STM32F4xx_HAL_Driver/Src/stm32f4xx_hal_pwr_ex.o
LOAD ./Drivers/STM32F4xx_HAL_Driver/Src/stm32f4xx_hal_rcc.o
LOAD ./Drivers/STM32F4xx_HAL_Driver/Src/stm32f4xx_hal_rcc_ex.o
LOAD ./Drivers/STM32F4xx_HAL_Driver/Src/stm32f4xx_hal_spi.o
LOAD ./Drivers/STM32F4xx_HAL_Driver/Src/stm32f4xx_hal_sram.o
LOAD ./Drivers/STM32F4xx_HAL_Driver/Src/stm32f4xx_hal_tim.o
LOAD ./Drivers/STM32F4xx_HAL_Driver/Src/stm32f4xx_hal_tim_ex.o
LOAD ./Drivers/STM32F4xx_HAL_Driver/Src/stm32f4xx_ll_adc.o
LOAD ./Drivers/STM32F4xx_HAL_Driver/Src/stm32f4xx_ll_fsmc.o
START GROUP
LOAD E:/Microprocessors-Microcontrollers/STM32CubeIDE/STM32CubeIDE_1.14.0/STM32CubeIDE/plugins/com.st.stm32cube.ide.mcu.externaltools.gnu-tools-for-stm32.11.3.rel1.win32_1.1.100.202309141235/tools/bin/../lib/gcc/arm-none-eabi/11.3.1/../../../../arm-none-eabi/lib/thumb/v7e-m+fp/hard\libc_nano.a
LOAD E:/Microprocessors-Microcontrollers/STM32CubeIDE/STM32CubeIDE_1.14.0/STM32CubeIDE/plugins/com.st.stm32cube.ide.mcu.externaltools.gnu-tools-for-stm32.11.3.rel1.win32_1.1.100.202309141235/tools/bin/../lib/gcc/arm-none-eabi/11.3.1/../../../../arm-none-eabi/lib/thumb/v7e-m+fp/hard\libm.a
END GROUP
START GROUP
LOAD E:/Microprocessors-Microcontrollers/STM32CubeIDE/STM32CubeIDE_1.14.0/STM32CubeIDE/plugins/com.st.stm32cube.ide.mcu.externaltools.gnu-tools-for-stm32.11.3.rel1.win32_1.1.100.202309141235/tools/bin/../lib/gcc/arm-none-eabi/11.3.1/thumb/v7e-m+fp/hard\libgcc.a
LOAD E:/Microprocessors-Microcontrollers/STM32CubeIDE/STM32CubeIDE_1.14.0/STM32CubeIDE/plugins/com.st.stm32cube.ide.mcu.externaltools.gnu-tools-for-stm32.11.3.rel1.win32_1.1.100.202309141235/tools/bin/../lib/gcc/arm-none-eabi/11.3.1/../../../../arm-none-eabi/lib/thumb/v7e-m+fp/hard\libc_nano.a
END GROUP
START GROUP
LOAD E:/Microprocessors-Microcontrollers/STM32CubeIDE/STM32CubeIDE_1.14.0/STM32CubeIDE/plugins/com.st.stm32cube.ide.mcu.externaltools.gnu-tools-for-stm32.11.3.rel1.win32_1.1.100.202309141235/tools/bin/../lib/gcc/arm-none-eabi/11.3.1/thumb/v7e-m+fp/hard\libgcc.a
LOAD E:/Microprocessors-Microcontrollers/STM32CubeIDE/STM32CubeIDE_1.14.0/STM32CubeIDE/plugins/com.st.stm32cube.ide.mcu.externaltools.gnu-tools-for-stm32.11.3.rel1.win32_1.1.100.202309141235/tools/bin/../lib/gcc/arm-none-eabi/11.3.1/../../../../arm-none-eabi/lib/thumb/v7e-m+fp/hard\libc_nano.a
LOAD E:/Microprocessors-Microcontrollers/STM32CubeIDE/STM32CubeIDE_1.14.0/STM32CubeIDE/plugins/com.st.stm32cube.ide.mcu.externaltools.gnu-tools-for-stm32.11.3.rel1.win32_1.1.100.202309141235/tools/bin/../lib/gcc/arm-none-eabi/11.3.1/../../../../arm-none-eabi/lib/thumb/v7e-m+fp/hard\libnosys.a
END GROUP
START GROUP
LOAD E:/Microprocessors-Microcontrollers/STM32CubeIDE/STM32CubeIDE_1.14.0/STM32CubeIDE/plugins/com.st.stm32cube.ide.mcu.externaltools.gnu-tools-for-stm32.11.3.rel1.win32_1.1.100.202309141235/tools/bin/../lib/gcc/arm-none-eabi/11.3.1/thumb/v7e-m+fp/hard\libgcc.a
LOAD E:/Microprocessors-Microcontrollers/STM32CubeIDE/STM32CubeIDE_1.14.0/STM32CubeIDE/plugins/com.st.stm32cube.ide.mcu.externaltools.gnu-tools-for-stm32.11.3.rel1.win32_1.1.100.202309141235/tools/bin/../lib/gcc/arm-none-eabi/11.3.1/../../../../arm-none-eabi/lib/thumb/v7e-m+fp/hard\libc_nano.a
LOAD E:/Microprocessors-Microcontrollers/STM32CubeIDE/STM32CubeIDE_1.14.0/STM32CubeIDE/plugins/com.st.stm32cube.ide.mcu.externaltools.gnu-tools-for-stm32.11.3.rel1.win32_1.1.100.202309141235/tools/bin/../lib/gcc/arm-none-eabi/11.3.1/../../../../arm-none-eabi/lib/thumb/v7e-m+fp/hard\libnosys.a
END GROUP
LOAD E:/Microprocessors-Microcontrollers/STM32CubeIDE/STM32CubeIDE_1.14.0/STM32CubeIDE/plugins/com.st.stm32cube.ide.mcu.externaltools.gnu-tools-for-stm32.11.3.rel1.win32_1.1.100.202309141235/tools/bin/../lib/gcc/arm-none-eabi/11.3.1/thumb/v7e-m+fp/hard/crtend.o
LOAD E:/Microprocessors-Microcontrollers/STM32CubeIDE/STM32CubeIDE_1.14.0/STM32CubeIDE/plugins/com.st.stm32cube.ide.mcu.externaltools.gnu-tools-for-stm32.11.3.rel1.win32_1.1.100.202309141235/tools/bin/../lib/gcc/arm-none-eabi/11.3.1/thumb/v7e-m+fp/hard/crtn.o
                0x0000000020020000                _estack = (ORIGIN (RAM) + LENGTH (RAM))
                0x0000000000000200                _Min_Heap_Size = 0x200
                0x0000000000000400                _Min_Stack_Size = 0x400

.isr_vector     0x0000000008000000      0x188
                0x0000000008000000                . = ALIGN (0x4)
 *(.isr_vector)
 .isr_vector    0x0000000008000000      0x188 ./Core/Startup/startup_stm32f407zetx.o
                0x0000000008000000                g_pfnVectors
                0x0000000008000188                . = ALIGN (0x4)

.text           0x0000000008000190     0xa78c
                0x0000000008000190                . = ALIGN (0x4)
 *(.text)
 .text          0x0000000008000190       0x40 E:/Microprocessors-Microcontrollers/STM32CubeIDE/STM32CubeIDE_1.14.0/STM32CubeIDE/plugins/com.st.stm32cube.ide.mcu.externaltools.gnu-tools-for-stm32.11.3.rel1.win32_1.1.100.202309141235/tools/bin/../lib/gcc/arm-none-eabi/11.3.1/thumb/v7e-m+fp/hard/crtbegin.o
 .text          0x00000000080001d0       0xa0 E:/Microprocessors-Microcontrollers/STM32CubeIDE/STM32CubeIDE_1.14.0/STM32CubeIDE/plugins/com.st.stm32cube.ide.mcu.externaltools.gnu-tools-for-stm32.11.3.rel1.win32_1.1.100.202309141235/tools/bin/../lib/gcc/arm-none-eabi/11.3.1/../../../../arm-none-eabi/lib/thumb/v7e-m+fp/hard\libc_nano.a(libc_a-memchr.o)
                0x00000000080001d0                memchr
 .text          0x0000000008000270       0x10 E:/Microprocessors-Microcontrollers/STM32CubeIDE/STM32CubeIDE_1.14.0/STM32CubeIDE/plugins/com.st.stm32cube.ide.mcu.externaltools.gnu-tools-for-stm32.11.3.rel1.win32_1.1.100.202309141235/tools/bin/../lib/gcc/arm-none-eabi/11.3.1/../../../../arm-none-eabi/lib/thumb/v7e-m+fp/hard\libc_nano.a(libc_a-strlen.o)
                0x0000000008000270                strlen
 .text          0x0000000008000280      0x378 E:/Microprocessors-Microcontrollers/STM32CubeIDE/STM32CubeIDE_1.14.0/STM32CubeIDE/plugins/com.st.stm32cube.ide.mcu.externaltools.gnu-tools-for-stm32.11.3.rel1.win32_1.1.100.202309141235/tools/bin/../lib/gcc/arm-none-eabi/11.3.1/thumb/v7e-m+fp/hard\libgcc.a(_arm_addsubdf3.o)
                0x0000000008000280                __aeabi_drsub
                0x0000000008000288                __aeabi_dsub
                0x0000000008000288                __subdf3
                0x000000000800028c                __aeabi_dadd
                0x000000000800028c                __adddf3
                0x0000000008000504                __floatunsidf
                0x0000000008000504                __aeabi_ui2d
                0x0000000008000524                __floatsidf
                0x0000000008000524                __aeabi_i2d
                0x0000000008000548                __aeabi_f2d
                0x0000000008000548                __extendsfdf2
                0x000000000800058c                __floatundidf
                0x000000000800058c                __aeabi_ul2d
                0x000000000800059c                __floatdidf
                0x000000000800059c                __aeabi_l2d
 .text          0x00000000080005f8      0x424 E:/Microprocessors-Microcontrollers/STM32CubeIDE/STM32CubeIDE_1.14.0/STM32CubeIDE/plugins/com.st.stm32cube.ide.mcu.externaltools.gnu-tools-for-stm32.11.3.rel1.win32_1.1.100.202309141235/tools/bin/../lib/gcc/arm-none-eabi/11.3.1/thumb/v7e-m+fp/hard\libgcc.a(_arm_muldivdf3.o)
                0x00000000080005f8                __aeabi_dmul
                0x00000000080005f8                __muldf3
                0x000000000800084c                __divdf3
                0x000000000800084c                __aeabi_ddiv
 .text          0x0000000008000a1c      0x110 E:/Microprocessors-Microcontrollers/STM32CubeIDE/STM32CubeIDE_1.14.0/STM32CubeIDE/plugins/com.st.stm32cube.ide.mcu.externaltools.gnu-tools-for-stm32.11.3.rel1.win32_1.1.100.202309141235/tools/bin/../lib/gcc/arm-none-eabi/11.3.1/thumb/v7e-m+fp/hard\libgcc.a(_arm_cmpdf2.o)
                0x0000000008000a1c                __gtdf2
                0x0000000008000a1c                __gedf2
                0x0000000008000a24                __ltdf2
                0x0000000008000a24                __ledf2
                0x0000000008000a2c                __nedf2
                0x0000000008000a2c                __eqdf2
                0x0000000008000a2c                __cmpdf2
                0x0000000008000aa8                __aeabi_cdrcmple
                0x0000000008000ab8                __aeabi_cdcmpeq
                0x0000000008000ab8                __aeabi_cdcmple
                0x0000000008000ac8                __aeabi_dcmpeq
                0x0000000008000adc                __aeabi_dcmplt
                0x0000000008000af0                __aeabi_dcmple
                0x0000000008000b04                __aeabi_dcmpge
                0x0000000008000b18                __aeabi_dcmpgt
 .text          0x0000000008000b2c       0x2c E:/Microprocessors-Microcontrollers/STM32CubeIDE/STM32CubeIDE_1.14.0/STM32CubeIDE/plugins/com.st.stm32cube.ide.mcu.externaltools.gnu-tools-for-stm32.11.3.rel1.win32_1.1.100.202309141235/tools/bin/../lib/gcc/arm-none-eabi/11.3.1/thumb/v7e-m+fp/hard\libgcc.a(_arm_unorddf2.o)
                0x0000000008000b2c                __unorddf2
                0x0000000008000b2c                __aeabi_dcmpun
 .text          0x0000000008000b58       0x50 E:/Microprocessors-Microcontrollers/STM32CubeIDE/STM32CubeIDE_1.14.0/STM32CubeIDE/plugins/com.st.stm32cube.ide.mcu.externaltools.gnu-tools-for-stm32.11.3.rel1.win32_1.1.100.202309141235/tools/bin/../lib/gcc/arm-none-eabi/11.3.1/thumb/v7e-m+fp/hard\libgcc.a(_arm_fixdfsi.o)
                0x0000000008000b58                __aeabi_d2iz
                0x0000000008000b58                __fixdfsi
 .text          0x0000000008000ba8       0x30 E:/Microprocessors-Microcontrollers/STM32CubeIDE/STM32CubeIDE_1.14.0/STM32CubeIDE/plugins/com.st.stm32cube.ide.mcu.externaltools.gnu-tools-for-stm32.11.3.rel1.win32_1.1.100.202309141235/tools/bin/../lib/gcc/arm-none-eabi/11.3.1/thumb/v7e-m+fp/hard\libgcc.a(_aeabi_uldivmod.o)
                0x0000000008000ba8                __aeabi_uldivmod
 .text          0x0000000008000bd8      0x2c8 E:/Microprocessors-Microcontrollers/STM32CubeIDE/STM32CubeIDE_1.14.0/STM32CubeIDE/plugins/com.st.stm32cube.ide.mcu.externaltools.gnu-tools-for-stm32.11.3.rel1.win32_1.1.100.202309141235/tools/bin/../lib/gcc/arm-none-eabi/11.3.1/thumb/v7e-m+fp/hard\libgcc.a(_udivmoddi4.o)
                0x0000000008000bd8                __udivmoddi4
 .text          0x0000000008000ea0        0x4 E:/Microprocessors-Microcontrollers/STM32CubeIDE/STM32CubeIDE_1.14.0/STM32CubeIDE/plugins/com.st.stm32cube.ide.mcu.externaltools.gnu-tools-for-stm32.11.3.rel1.win32_1.1.100.202309141235/tools/bin/../lib/gcc/arm-none-eabi/11.3.1/thumb/v7e-m+fp/hard\libgcc.a(_dvmd_tls.o)
                0x0000000008000ea0                __aeabi_idiv0
                0x0000000008000ea0                __aeabi_ldiv0
 *(.text*)
 .text.MX_ADC1_Init
                0x0000000008000ea4      0x104 ./Core/Src/adc.o
                0x0000000008000ea4                MX_ADC1_Init
 .text.HAL_ADC_MspInit
                0x0000000008000fa8      0x128 ./Core/Src/adc.o
                0x0000000008000fa8                HAL_ADC_MspInit
 .text.button_scan
                0x00000000080010d0      0x120 ./Core/Src/button.o
                0x00000000080010d0                button_scan
 .text.MX_DMA_Init
                0x00000000080011f0       0x40 ./Core/Src/dma.o
                0x00000000080011f0                MX_DMA_Init
 .text.ds3231_init
                0x0000000008001230       0x88 ./Core/Src/ds3231.o
                0x0000000008001230                ds3231_init
 .text.MX_FSMC_Init
                0x00000000080012b8       0xf4 ./Core/Src/fsmc.o
                0x00000000080012b8                MX_FSMC_Init
 .text.HAL_FSMC_MspInit
                0x00000000080013ac       0x98 ./Core/Src/fsmc.o
 .text.HAL_SRAM_MspInit
                0x0000000008001444       0x14 ./Core/Src/fsmc.o
                0x0000000008001444                HAL_SRAM_MspInit
 .text.circle_aabb_overlap
                0x0000000008001458       0xb6 ./Core/Src/game_logic.o
                0x0000000008001458                circle_aabb_overlap
 *fill*         0x000000000800150e        0x2 
 .text.resolve_ball_brick
                0x0000000008001510      0x258 ./Core/Src/game_logic.o
                0x0000000008001510                resolve_ball_brick
 .text.resolve_ball_paddle
                0x0000000008001768       0xe0 ./Core/Src/game_logic.o
                0x0000000008001768                resolve_ball_paddle
 .text.resolve_ball_wall
                0x0000000008001848      0x10e ./Core/Src/game_logic.o
                0x0000000008001848                resolve_ball_wall
 .text.initialize_ball_velocity
                0x0000000008001956       0x22 ./Core/Src/game_logic.o
                0x0000000008001956                initialize_ball_velocity
 .text.step_world
                0x0000000008001978      0x28c ./Core/Src/game_logic.o
                0x0000000008001978                step_world
 .text.draw_potentiometer_prompt
                0x0000000008001c04      0x108 ./Core/Src/game_ui.o
                0x0000000008001c04                draw_potentiometer_prompt
 .text.game_init_state
                0x0000000008001d0c      0x182 ./Core/Src/game_ui.o
                0x0000000008001d0c                game_init_state
 .text.game_draw_initial_scene
                0x0000000008001e8e       0x7c ./Core/Src/game_ui.o
                0x0000000008001e8e                game_draw_initial_scene
 .text.game_update_screen
                0x0000000008001f0a      0x1e6 ./Core/Src/game_ui.o
                0x0000000008001f0a                game_update_screen
 .text.game_handle_paddle_buttons
                0x00000000080020f0       0x9c ./Core/Src/game_ui.o
                0x00000000080020f0                game_handle_paddle_buttons
 .text.game_draw_pause_screen
                0x000000000800218c       0xc0 ./Core/Src/game_ui.o
                0x000000000800218c                game_draw_pause_screen
 .text.spawn_extra_ball
                0x000000000800224c       0xf0 ./Core/Src/game_ui.o
                0x000000000800224c                spawn_extra_ball
 .text.apply_plus_powerup
                0x000000000800233c       0x40 ./Core/Src/game_ui.o
                0x000000000800233c                apply_plus_powerup
 .text.init_bricks_for_level
                0x000000000800237c      0x144 ./Core/Src/game_ui.o
                0x000000000800237c                init_bricks_for_level
 .text.advance_level
                0x00000000080024c0       0xe8 ./Core/Src/game_ui.o
                0x00000000080024c0                advance_level
 .text.game_draw_game_over_screen
                0x00000000080025a8       0x84 ./Core/Src/game_ui.o
                0x00000000080025a8                game_draw_game_over_screen
 .text.game_update_paddle
                0x000000000800262c       0x48 ./Core/Src/game_ui.o
                0x000000000800262c                game_update_paddle
 .text.game_update_ball
                0x0000000008002674       0x38 ./Core/Src/game_ui.o
                0x0000000008002674                game_update_ball
 .text.game_erase_brick
                0x00000000080026ac       0x3a ./Core/Src/game_ui.o
                0x00000000080026ac                game_erase_brick
 .text.game_update_ui_bar
                0x00000000080026e6       0x24 ./Core/Src/game_ui.o
                0x00000000080026e6                game_update_ui_bar
 *fill*         0x000000000800270a        0x2 
 .text.draw_ui_bar
                0x000000000800270c       0xfc ./Core/Src/game_ui.o
 .text.draw_game_border
                0x0000000008002808       0x20 ./Core/Src/game_ui.o
                0x0000000008002808                draw_game_border
 .text.draw_bricks
                0x0000000008002828      0x1a4 ./Core/Src/game_ui.o
 .text.draw_paddle
                0x00000000080029cc       0x3e ./Core/Src/game_ui.o
 .text.draw_ball
                0x0000000008002a0a       0x34 ./Core/Src/game_ui.o
 .text.game_erase_ball
                0x0000000008002a3e       0x32 ./Core/Src/game_ui.o
                0x0000000008002a3e                game_erase_ball
 .text.MX_GPIO_Init
                0x0000000008002a70      0x1f0 ./Core/Src/gpio.o
                0x0000000008002a70                MX_GPIO_Init
 .text.MX_I2C1_Init
                0x0000000008002c60       0x5c ./Core/Src/i2c.o
                0x0000000008002c60                MX_I2C1_Init
 .text.HAL_I2C_MspInit
                0x0000000008002cbc       0x90 ./Core/Src/i2c.o
                0x0000000008002cbc                HAL_I2C_MspInit
 .text.LCD_WR_REG
                0x0000000008002d4c       0x20 ./Core/Src/lcd.o
                0x0000000008002d4c                LCD_WR_REG
 .text.LCD_WR_DATA
                0x0000000008002d6c       0x20 ./Core/Src/lcd.o
 .text.LCD_RD_DATA
                0x0000000008002d8c       0x24 ./Core/Src/lcd.o
 .text.lcd_set_address
                0x0000000008002db0       0x98 ./Core/Src/lcd.o
                0x0000000008002db0                lcd_set_address
 .text.lcd_clear
                0x0000000008002e48       0x64 ./Core/Src/lcd.o
                0x0000000008002e48                lcd_clear
 .text.lcd_fill
                0x0000000008002eac       0x6c ./Core/Src/lcd.o
                0x0000000008002eac                lcd_fill
 .text.lcd_draw_point
                0x0000000008002f18       0x2e ./Core/Src/lcd.o
                0x0000000008002f18                lcd_draw_point
 .text.lcd_draw_line
                0x0000000008002f46      0x108 ./Core/Src/lcd.o
                0x0000000008002f46                lcd_draw_line
 .text.lcd_draw_rectangle
                0x000000000800304e       0x6e ./Core/Src/lcd.o
                0x000000000800304e                lcd_draw_rectangle
 .text.lcd_show_char
                0x00000000080030bc      0x1a0 ./Core/Src/lcd.o
                0x00000000080030bc                lcd_show_char
 .text.lcd_show_picture
                0x000000000800325c       0xac ./Core/Src/lcd.o
                0x000000000800325c                lcd_show_picture
 .text.lcd_set_direction
                0x0000000008003308       0x48 ./Core/Src/lcd.o
                0x0000000008003308                lcd_set_direction
 .text.lcd_init
                0x0000000008003350      0x2c0 ./Core/Src/lcd.o
                0x0000000008003350                lcd_init
 .text._draw_circle_8
                0x0000000008003610      0x116 ./Core/Src/lcd.o
 .text.lcd_draw_circle
                0x0000000008003726       0xd8 ./Core/Src/lcd.o
                0x0000000008003726                lcd_draw_circle
 *fill*         0x00000000080037fe        0x2 
 .text.lcd_show_string
                0x0000000008003800       0xc8 ./Core/Src/lcd.o
                0x0000000008003800                lcd_show_string
 .text.lcd_show_string_center
                0x00000000080038c8       0x64 ./Core/Src/lcd.o
                0x00000000080038c8                lcd_show_string_center
 .text.led_7seg_display
                0x000000000800392c      0x118 ./Core/Src/led_7seg.o
                0x000000000800392c                led_7seg_display
 .text.main     0x0000000008003a44      0x1a4 ./Core/Src/main.o
                0x0000000008003a44                main
 .text.SystemClock_Config
                0x0000000008003be8       0xd4 ./Core/Src/main.o
                0x0000000008003be8                SystemClock_Config
 .text.system_init
                0x0000000008003cbc       0x38 ./Core/Src/main.o
                0x0000000008003cbc                system_init
 .text.Error_Handler
                0x0000000008003cf4        0xa ./Core/Src/main.o
                0x0000000008003cf4                Error_Handler
 *fill*         0x0000000008003cfe        0x2 
 .text.timer2_init
                0x0000000008003d00       0x14 ./Core/Src/software_timer.o
                0x0000000008003d00                timer2_init
 .text.timer2_set
                0x0000000008003d14       0x38 ./Core/Src/software_timer.o
                0x0000000008003d14                timer2_set
 .text.HAL_TIM_PeriodElapsedCallback
                0x0000000008003d4c       0x98 ./Core/Src/software_timer.o
                0x0000000008003d4c                HAL_TIM_PeriodElapsedCallback
 .text.MX_SPI1_Init
                0x0000000008003de4       0x6c ./Core/Src/spi.o
                0x0000000008003de4                MX_SPI1_Init
 .text.HAL_SPI_MspInit
                0x0000000008003e50       0x90 ./Core/Src/spi.o
                0x0000000008003e50                HAL_SPI_MspInit
 .text.HAL_MspInit
                0x0000000008003ee0       0x50 ./Core/Src/stm32f4xx_hal_msp.o
                0x0000000008003ee0                HAL_MspInit
 .text.NMI_Handler
                0x0000000008003f30        0x6 ./Core/Src/stm32f4xx_it.o
                0x0000000008003f30                NMI_Handler
 .text.HardFault_Handler
                0x0000000008003f36        0x6 ./Core/Src/stm32f4xx_it.o
                0x0000000008003f36                HardFault_Handler
 .text.MemManage_Handler
                0x0000000008003f3c        0x6 ./Core/Src/stm32f4xx_it.o
                0x0000000008003f3c                MemManage_Handler
 .text.BusFault_Handler
                0x0000000008003f42        0x6 ./Core/Src/stm32f4xx_it.o
                0x0000000008003f42                BusFault_Handler
 .text.UsageFault_Handler
                0x0000000008003f48        0x6 ./Core/Src/stm32f4xx_it.o
                0x0000000008003f48                UsageFault_Handler
 .text.SVC_Handler
                0x0000000008003f4e        0xe ./Core/Src/stm32f4xx_it.o
                0x0000000008003f4e                SVC_Handler
 .text.DebugMon_Handler
                0x0000000008003f5c        0xe ./Core/Src/stm32f4xx_it.o
                0x0000000008003f5c                DebugMon_Handler
 .text.PendSV_Handler
                0x0000000008003f6a        0xe ./Core/Src/stm32f4xx_it.o
                0x0000000008003f6a                PendSV_Handler
 .text.SysTick_Handler
                0x0000000008003f78        0xc ./Core/Src/stm32f4xx_it.o
                0x0000000008003f78                SysTick_Handler
 .text.TIM2_IRQHandler
                0x0000000008003f84       0x14 ./Core/Src/stm32f4xx_it.o
                0x0000000008003f84                TIM2_IRQHandler
 .text.TIM4_IRQHandler
                0x0000000008003f98       0x14 ./Core/Src/stm32f4xx_it.o
                0x0000000008003f98                TIM4_IRQHandler
 .text.DMA2_Stream0_IRQHandler
                0x0000000008003fac       0x14 ./Core/Src/stm32f4xx_it.o
                0x0000000008003fac                DMA2_Stream0_IRQHandler
 .text._getpid  0x0000000008003fc0       0x10 ./Core/Src/syscalls.o
                0x0000000008003fc0                _getpid
 .text._kill    0x0000000008003fd0       0x20 ./Core/Src/syscalls.o
                0x0000000008003fd0                _kill
 .text._exit    0x0000000008003ff0       0x14 ./Core/Src/syscalls.o
                0x0000000008003ff0                _exit
 .text._read    0x0000000008004004       0x3a ./Core/Src/syscalls.o
                0x0000000008004004                _read
 .text._write   0x000000000800403e       0x38 ./Core/Src/syscalls.o
                0x000000000800403e                _write
 .text._close   0x0000000008004076       0x18 ./Core/Src/syscalls.o
                0x0000000008004076                _close
 .text._fstat   0x000000000800408e       0x20 ./Core/Src/syscalls.o
                0x000000000800408e                _fstat
 .text._isatty  0x00000000080040ae       0x16 ./Core/Src/syscalls.o
                0x00000000080040ae                _isatty
 .text._lseek   0x00000000080040c4       0x1a ./Core/Src/syscalls.o
                0x00000000080040c4                _lseek
 *fill*         0x00000000080040de        0x2 
 .text._sbrk    0x00000000080040e0       0x6c ./Core/Src/sysmem.o
                0x00000000080040e0                _sbrk
 .text.SystemInit
                0x000000000800414c       0x24 ./Core/Src/system_stm32f4xx.o
                0x000000000800414c                SystemInit
 .text.MX_TIM2_Init
                0x0000000008004170       0x98 ./Core/Src/tim.o
                0x0000000008004170                MX_TIM2_Init
 .text.MX_TIM4_Init
                0x0000000008004208       0x9c ./Core/Src/tim.o
                0x0000000008004208                MX_TIM4_Init
 .text.HAL_TIM_Base_MspInit
                0x00000000080042a4       0x88 ./Core/Src/tim.o
                0x00000000080042a4                HAL_TIM_Base_MspInit
 .text.DEC2BCD  0x000000000800432c       0x48 ./Core/Src/utils.o
                0x000000000800432c                DEC2BCD
 .text.Reset_Handler
                0x0000000008004374       0x50 ./Core/Startup/startup_stm32f407zetx.o
                0x0000000008004374                Reset_Handler
 .text.Default_Handler
                0x00000000080043c4        0x2 ./Core/Startup/startup_stm32f407zetx.o
                0x00000000080043c4                RTC_Alarm_IRQHandler
                0x00000000080043c4                HASH_RNG_IRQHandler
                0x00000000080043c4                EXTI2_IRQHandler
                0x00000000080043c4                TIM8_CC_IRQHandler
                0x00000000080043c4                TIM1_CC_IRQHandler
                0x00000000080043c4                DMA2_Stream5_IRQHandler
                0x00000000080043c4                DMA1_Stream5_IRQHandler
                0x00000000080043c4                PVD_IRQHandler
                0x00000000080043c4                SDIO_IRQHandler
                0x00000000080043c4                TAMP_STAMP_IRQHandler
                0x00000000080043c4                CAN2_RX1_IRQHandler
                0x00000000080043c4                EXTI3_IRQHandler
                0x00000000080043c4                TIM8_TRG_COM_TIM14_IRQHandler
                0x00000000080043c4                TIM1_UP_TIM10_IRQHandler
                0x00000000080043c4                TIM8_UP_TIM13_IRQHandler
                0x00000000080043c4                I2C3_ER_IRQHandler
                0x00000000080043c4                EXTI0_IRQHandler
                0x00000000080043c4                I2C2_EV_IRQHandler
                0x00000000080043c4                DMA1_Stream2_IRQHandler
                0x00000000080043c4                CAN1_RX0_IRQHandler
                0x00000000080043c4                FPU_IRQHandler
                0x00000000080043c4                OTG_HS_WKUP_IRQHandler
                0x00000000080043c4                CAN2_SCE_IRQHandler
                0x00000000080043c4                DMA2_Stream2_IRQHandler
                0x00000000080043c4                SPI1_IRQHandler
                0x00000000080043c4                TIM6_DAC_IRQHandler
                0x00000000080043c4                TIM1_BRK_TIM9_IRQHandler
                0x00000000080043c4                DCMI_IRQHandler
                0x00000000080043c4                CAN2_RX0_IRQHandler
                0x00000000080043c4                DMA2_Stream3_IRQHandler
                0x00000000080043c4                USART6_IRQHandler
                0x00000000080043c4                USART3_IRQHandler
                0x00000000080043c4                CAN1_RX1_IRQHandler
                0x00000000080043c4                UART5_IRQHandler
                0x00000000080043c4                I2C1_EV_IRQHandler
                0x00000000080043c4                DMA1_Stream6_IRQHandler
                0x00000000080043c4                DMA1_Stream1_IRQHandler
                0x00000000080043c4                UART4_IRQHandler
                0x00000000080043c4                TIM3_IRQHandler
                0x00000000080043c4                RCC_IRQHandler
                0x00000000080043c4                TIM8_BRK_TIM12_IRQHandler
                0x00000000080043c4                Default_Handler
                0x00000000080043c4                EXTI15_10_IRQHandler
                0x00000000080043c4                ADC_IRQHandler
                0x00000000080043c4                DMA1_Stream7_IRQHandler
                0x00000000080043c4                TIM7_IRQHandler
                0x00000000080043c4                CAN2_TX_IRQHandler
                0x00000000080043c4                TIM5_IRQHandler
                0x00000000080043c4                DMA2_Stream7_IRQHandler
                0x00000000080043c4                I2C3_EV_IRQHandler
                0x00000000080043c4                EXTI9_5_IRQHandler
                0x00000000080043c4                RTC_WKUP_IRQHandler
                0x00000000080043c4                ETH_WKUP_IRQHandler
                0x00000000080043c4                SPI2_IRQHandler
                0x00000000080043c4                OTG_HS_EP1_IN_IRQHandler
                0x00000000080043c4                DMA1_Stream0_IRQHandler
                0x00000000080043c4                CAN1_TX_IRQHandler
                0x00000000080043c4                EXTI4_IRQHandler
                0x00000000080043c4                FSMC_IRQHandler
                0x00000000080043c4                ETH_IRQHandler
                0x00000000080043c4                OTG_HS_EP1_OUT_IRQHandler
                0x00000000080043c4                WWDG_IRQHandler
                0x00000000080043c4                OTG_FS_WKUP_IRQHandler
                0x00000000080043c4                TIM1_TRG_COM_TIM11_IRQHandler
                0x00000000080043c4                OTG_HS_IRQHandler
                0x00000000080043c4                EXTI1_IRQHandler
                0x00000000080043c4                USART2_IRQHandler
                0x00000000080043c4                I2C2_ER_IRQHandler
                0x00000000080043c4                DMA2_Stream1_IRQHandler
                0x00000000080043c4                CAN1_SCE_IRQHandler
                0x00000000080043c4                FLASH_IRQHandler
                0x00000000080043c4                DMA2_Stream4_IRQHandler
                0x00000000080043c4                USART1_IRQHandler
                0x00000000080043c4                OTG_FS_IRQHandler
                0x00000000080043c4                SPI3_IRQHandler
                0x00000000080043c4                DMA1_Stream4_IRQHandler
                0x00000000080043c4                I2C1_ER_IRQHandler
                0x00000000080043c4                DMA2_Stream6_IRQHandler
                0x00000000080043c4                DMA1_Stream3_IRQHandler
 *fill*         0x00000000080043c6        0x2 
 .text.HAL_Init
                0x00000000080043c8       0x44 ./Drivers/STM32F4xx_HAL_Driver/Src/stm32f4xx_hal.o
                0x00000000080043c8                HAL_Init
 .text.HAL_InitTick
                0x000000000800440c       0x60 ./Drivers/STM32F4xx_HAL_Driver/Src/stm32f4xx_hal.o
                0x000000000800440c                HAL_InitTick
 .text.HAL_IncTick
                0x000000000800446c       0x28 ./Drivers/STM32F4xx_HAL_Driver/Src/stm32f4xx_hal.o
                0x000000000800446c                HAL_IncTick
 .text.HAL_GetTick
                0x0000000008004494       0x18 ./Drivers/STM32F4xx_HAL_Driver/Src/stm32f4xx_hal.o
                0x0000000008004494                HAL_GetTick
 .text.HAL_Delay
                0x00000000080044ac       0x48 ./Drivers/STM32F4xx_HAL_Driver/Src/stm32f4xx_hal.o
                0x00000000080044ac                HAL_Delay
 .text.HAL_ADC_Init
                0x00000000080044f4       0x86 ./Drivers/STM32F4xx_HAL_Driver/Src/stm32f4xx_hal_adc.o
                0x00000000080044f4                HAL_ADC_Init
 *fill*         0x000000000800457a        0x2 
 .text.HAL_ADC_ConfigChannel
                0x000000000800457c      0x244 ./Drivers/STM32F4xx_HAL_Driver/Src/stm32f4xx_hal_adc.o
                0x000000000800457c                HAL_ADC_ConfigChannel
 .text.ADC_Init
                0x00000000080047c0      0x1f8 ./Drivers/STM32F4xx_HAL_Driver/Src/stm32f4xx_hal_adc.o
 .text.__NVIC_SetPriorityGrouping
                0x00000000080049b8       0x48 ./Drivers/STM32F4xx_HAL_Driver/Src/stm32f4xx_hal_cortex.o
 .text.__NVIC_GetPriorityGrouping
                0x0000000008004a00       0x1c ./Drivers/STM32F4xx_HAL_Driver/Src/stm32f4xx_hal_cortex.o
 .text.__NVIC_EnableIRQ
                0x0000000008004a1c       0x3c ./Drivers/STM32F4xx_HAL_Driver/Src/stm32f4xx_hal_cortex.o
 .text.__NVIC_SetPriority
                0x0000000008004a58       0x54 ./Drivers/STM32F4xx_HAL_Driver/Src/stm32f4xx_hal_cortex.o
 .text.NVIC_EncodePriority
                0x0000000008004aac       0x66 ./Drivers/STM32F4xx_HAL_Driver/Src/stm32f4xx_hal_cortex.o
 *fill*         0x0000000008004b12        0x2 
 .text.SysTick_Config
                0x0000000008004b14       0x44 ./Drivers/STM32F4xx_HAL_Driver/Src/stm32f4xx_hal_cortex.o
 .text.HAL_NVIC_SetPriorityGrouping
                0x0000000008004b58       0x16 ./Drivers/STM32F4xx_HAL_Driver/Src/stm32f4xx_hal_cortex.o
                0x0000000008004b58                HAL_NVIC_SetPriorityGrouping
 .text.HAL_NVIC_SetPriority
                0x0000000008004b6e       0x38 ./Drivers/STM32F4xx_HAL_Driver/Src/stm32f4xx_hal_cortex.o
                0x0000000008004b6e                HAL_NVIC_SetPriority
 .text.HAL_NVIC_EnableIRQ
                0x0000000008004ba6       0x1c ./Drivers/STM32F4xx_HAL_Driver/Src/stm32f4xx_hal_cortex.o
                0x0000000008004ba6                HAL_NVIC_EnableIRQ
 .text.HAL_SYSTICK_Config
                0x0000000008004bc2       0x18 ./Drivers/STM32F4xx_HAL_Driver/Src/stm32f4xx_hal_cortex.o
                0x0000000008004bc2                HAL_SYSTICK_Config
 *fill*         0x0000000008004bda        0x2 
 .text.HAL_DMA_Init
                0x0000000008004bdc      0x15c ./Drivers/STM32F4xx_HAL_Driver/Src/stm32f4xx_hal_dma.o
                0x0000000008004bdc                HAL_DMA_Init
 .text.HAL_DMA_IRQHandler
                0x0000000008004d38      0x314 ./Drivers/STM32F4xx_HAL_Driver/Src/stm32f4xx_hal_dma.o
                0x0000000008004d38                HAL_DMA_IRQHandler
 .text.DMA_CalcBaseAndBitshift
                0x000000000800504c       0x6c ./Drivers/STM32F4xx_HAL_Driver/Src/stm32f4xx_hal_dma.o
 .text.DMA_CheckFifoParam
                0x00000000080050b8       0xf8 ./Drivers/STM32F4xx_HAL_Driver/Src/stm32f4xx_hal_dma.o
 .text.HAL_GPIO_Init
                0x00000000080051b0      0x338 ./Drivers/STM32F4xx_HAL_Driver/Src/stm32f4xx_hal_gpio.o
                0x00000000080051b0                HAL_GPIO_Init
 .text.HAL_GPIO_WritePin
                0x00000000080054e8       0x32 ./Drivers/STM32F4xx_HAL_Driver/Src/stm32f4xx_hal_gpio.o
                0x00000000080054e8                HAL_GPIO_WritePin
 *fill*         0x000000000800551a        0x2 
 .text.HAL_I2C_Init
                0x000000000800551c      0x288 ./Drivers/STM32F4xx_HAL_Driver/Src/stm32f4xx_hal_i2c.o
                0x000000000800551c                HAL_I2C_Init
 .text.HAL_I2C_IsDeviceReady
                0x00000000080057a4      0x25c ./Drivers/STM32F4xx_HAL_Driver/Src/stm32f4xx_hal_i2c.o
                0x00000000080057a4                HAL_I2C_IsDeviceReady
 .text.I2C_WaitOnFlagUntilTimeout
                0x0000000008005a00       0xf4 ./Drivers/STM32F4xx_HAL_Driver/Src/stm32f4xx_hal_i2c.o
 .text.HAL_RCC_OscConfig
                0x0000000008005af4      0x4f0 ./Drivers/STM32F4xx_HAL_Driver/Src/stm32f4xx_hal_rcc.o
                0x0000000008005af4                HAL_RCC_OscConfig
 .text.HAL_RCC_ClockConfig
                0x0000000008005fe4      0x1cc ./Drivers/STM32F4xx_HAL_Driver/Src/stm32f4xx_hal_rcc.o
                0x0000000008005fe4                HAL_RCC_ClockConfig
 .text.HAL_RCC_GetSysClockFreq
                0x00000000080061b0      0x20c ./Drivers/STM32F4xx_HAL_Driver/Src/stm32f4xx_hal_rcc.o
                0x00000000080061b0                HAL_RCC_GetSysClockFreq
 .text.HAL_RCC_GetHCLKFreq
                0x00000000080063bc       0x18 ./Drivers/STM32F4xx_HAL_Driver/Src/stm32f4xx_hal_rcc.o
                0x00000000080063bc                HAL_RCC_GetHCLKFreq
 .text.HAL_RCC_GetPCLK1Freq
                0x00000000080063d4       0x28 ./Drivers/STM32F4xx_HAL_Driver/Src/stm32f4xx_hal_rcc.o
                0x00000000080063d4                HAL_RCC_GetPCLK1Freq
 .text.HAL_SPI_Init
                0x00000000080063fc      0x112 ./Drivers/STM32F4xx_HAL_Driver/Src/stm32f4xx_hal_spi.o
                0x00000000080063fc                HAL_SPI_Init
 .text.HAL_SPI_Transmit
                0x000000000800650e      0x288 ./Drivers/STM32F4xx_HAL_Driver/Src/stm32f4xx_hal_spi.o
                0x000000000800650e                HAL_SPI_Transmit
 .text.HAL_SPI_Receive
                0x0000000008006796      0x232 ./Drivers/STM32F4xx_HAL_Driver/Src/stm32f4xx_hal_spi.o
                0x0000000008006796                HAL_SPI_Receive
 .text.HAL_SPI_TransmitReceive
                0x00000000080069c8      0x352 ./Drivers/STM32F4xx_HAL_Driver/Src/stm32f4xx_hal_spi.o
                0x00000000080069c8                HAL_SPI_TransmitReceive
 *fill*         0x0000000008006d1a        0x2 
 .text.SPI_WaitFlagStateUntilTimeout
                0x0000000008006d1c      0x110 ./Drivers/STM32F4xx_HAL_Driver/Src/stm32f4xx_hal_spi.o
 .text.SPI_EndRxTransaction
                0x0000000008006e2c       0xca ./Drivers/STM32F4xx_HAL_Driver/Src/stm32f4xx_hal_spi.o
 *fill*         0x0000000008006ef6        0x2 
 .text.SPI_EndRxTxTransaction
                0x0000000008006ef8       0xa8 ./Drivers/STM32F4xx_HAL_Driver/Src/stm32f4xx_hal_spi.o
 .text.HAL_SRAM_Init
                0x0000000008006fa0       0x90 ./Drivers/STM32F4xx_HAL_Driver/Src/stm32f4xx_hal_sram.o
                0x0000000008006fa0                HAL_SRAM_Init
 .text.HAL_TIM_Base_Init
                0x0000000008007030       0x9e ./Drivers/STM32F4xx_HAL_Driver/Src/stm32f4xx_hal_tim.o
                0x0000000008007030                HAL_TIM_Base_Init
 *fill*         0x00000000080070ce        0x2 
 .text.HAL_TIM_Base_Start_IT
                0x00000000080070d0       0xe0 ./Drivers/STM32F4xx_HAL_Driver/Src/stm32f4xx_hal_tim.o
                0x00000000080070d0                HAL_TIM_Base_Start_IT
 .text.HAL_TIM_IRQHandler
                0x00000000080071b0      0x1e0 ./Drivers/STM32F4xx_HAL_Driver/Src/stm32f4xx_hal_tim.o
                0x00000000080071b0                HAL_TIM_IRQHandler
 .text.HAL_TIM_ConfigClockSource
                0x0000000008007390      0x18e ./Drivers/STM32F4xx_HAL_Driver/Src/stm32f4xx_hal_tim.o
                0x0000000008007390                HAL_TIM_ConfigClockSource
 .text.HAL_TIM_OC_DelayElapsedCallback
                0x000000000800751e       0x14 ./Drivers/STM32F4xx_HAL_Driver/Src/stm32f4xx_hal_tim.o
                0x000000000800751e                HAL_TIM_OC_DelayElapsedCallback
 .text.HAL_TIM_IC_CaptureCallback
                0x0000000008007532       0x14 ./Drivers/STM32F4xx_HAL_Driver/Src/stm32f4xx_hal_tim.o
                0x0000000008007532                HAL_TIM_IC_CaptureCallback
 .text.HAL_TIM_PWM_PulseFinishedCallback
                0x0000000008007546       0x14 ./Drivers/STM32F4xx_HAL_Driver/Src/stm32f4xx_hal_tim.o
                0x0000000008007546                HAL_TIM_PWM_PulseFinishedCallback
 .text.HAL_TIM_TriggerCallback
                0x000000000800755a       0x14 ./Drivers/STM32F4xx_HAL_Driver/Src/stm32f4xx_hal_tim.o
                0x000000000800755a                HAL_TIM_TriggerCallback
 *fill*         0x000000000800756e        0x2 
 .text.TIM_Base_SetConfig
                0x0000000008007570      0x14c ./Drivers/STM32F4xx_HAL_Driver/Src/stm32f4xx_hal_tim.o
                0x0000000008007570                TIM_Base_SetConfig
 .text.TIM_TI1_ConfigInputStage
                0x00000000080076bc       0x5e ./Drivers/STM32F4xx_HAL_Driver/Src/stm32f4xx_hal_tim.o
 .text.TIM_TI2_ConfigInputStage
                0x000000000800771a       0x60 ./Drivers/STM32F4xx_HAL_Driver/Src/stm32f4xx_hal_tim.o
 .text.TIM_ITRx_SetConfig
                0x000000000800777a       0x36 ./Drivers/STM32F4xx_HAL_Driver/Src/stm32f4xx_hal_tim.o
 .text.TIM_ETR_SetConfig
                0x00000000080077b0       0x40 ./Drivers/STM32F4xx_HAL_Driver/Src/stm32f4xx_hal_tim.o
                0x00000000080077b0                TIM_ETR_SetConfig
 .text.HAL_TIMEx_MasterConfigSynchronization
                0x00000000080077f0       0xf8 ./Drivers/STM32F4xx_HAL_Driver/Src/stm32f4xx_hal_tim_ex.o
                0x00000000080077f0                HAL_TIMEx_MasterConfigSynchronization
 .text.HAL_TIMEx_CommutCallback
                0x00000000080078e8       0x14 ./Drivers/STM32F4xx_HAL_Driver/Src/stm32f4xx_hal_tim_ex.o
                0x00000000080078e8                HAL_TIMEx_CommutCallback
 .text.HAL_TIMEx_BreakCallback
                0x00000000080078fc       0x14 ./Drivers/STM32F4xx_HAL_Driver/Src/stm32f4xx_hal_tim_ex.o
                0x00000000080078fc                HAL_TIMEx_BreakCallback
 .text.FSMC_NORSRAM_Init
                0x0000000008007910       0xd4 ./Drivers/STM32F4xx_HAL_Driver/Src/stm32f4xx_ll_fsmc.o
                0x0000000008007910                FSMC_NORSRAM_Init
 .text.FSMC_NORSRAM_Timing_Init
                0x00000000080079e4       0x5c ./Drivers/STM32F4xx_HAL_Driver/Src/stm32f4xx_ll_fsmc.o
                0x00000000080079e4                FSMC_NORSRAM_Timing_Init
 .text.FSMC_NORSRAM_Extended_Timing_Init
                0x0000000008007a40       0x70 ./Drivers/STM32F4xx_HAL_Driver/Src/stm32f4xx_ll_fsmc.o
                0x0000000008007a40                FSMC_NORSRAM_Extended_Timing_Init
 .text.srand    0x0000000008007ab0       0x5c E:/Microprocessors-Microcontrollers/STM32CubeIDE/STM32CubeIDE_1.14.0/STM32CubeIDE/plugins/com.st.stm32cube.ide.mcu.externaltools.gnu-tools-for-stm32.11.3.rel1.win32_1.1.100.202309141235/tools/bin/../lib/gcc/arm-none-eabi/11.3.1/../../../../arm-none-eabi/lib/thumb/v7e-m+fp/hard\libc_nano.a(libc_a-rand.o)
                0x0000000008007ab0                srand
 .text.rand     0x0000000008007b0c       0x7c E:/Microprocessors-Microcontrollers/STM32CubeIDE/STM32CubeIDE_1.14.0/STM32CubeIDE/plugins/com.st.stm32cube.ide.mcu.externaltools.gnu-tools-for-stm32.11.3.rel1.win32_1.1.100.202309141235/tools/bin/../lib/gcc/arm-none-eabi/11.3.1/../../../../arm-none-eabi/lib/thumb/v7e-m+fp/hard\libc_nano.a(libc_a-rand.o)
                0x0000000008007b0c                rand
 .text.__cvt    0x0000000008007b88       0xc4 E:/Microprocessors-Microcontrollers/STM32CubeIDE/STM32CubeIDE_1.14.0/STM32CubeIDE/plugins/com.st.stm32cube.ide.mcu.externaltools.gnu-tools-for-stm32.11.3.rel1.win32_1.1.100.202309141235/tools/bin/../lib/gcc/arm-none-eabi/11.3.1/../../../../arm-none-eabi/lib/thumb/v7e-m+fp/hard\libc_nano.a(libc_a-nano-vfprintf_float.o)
                0x0000000008007b88                __cvt
 .text.__exponent
                0x0000000008007c4c       0x7c E:/Microprocessors-Microcontrollers/STM32CubeIDE/STM32CubeIDE_1.14.0/STM32CubeIDE/plugins/com.st.stm32cube.ide.mcu.externaltools.gnu-tools-for-stm32.11.3.rel1.win32_1.1.100.202309141235/tools/bin/../lib/gcc/arm-none-eabi/11.3.1/../../../../arm-none-eabi/lib/thumb/v7e-m+fp/hard\libc_nano.a(libc_a-nano-vfprintf_float.o)
                0x0000000008007c4c                __exponent
 .text._printf_float
                0x0000000008007cc8      0x46c E:/Microprocessors-Microcontrollers/STM32CubeIDE/STM32CubeIDE_1.14.0/STM32CubeIDE/plugins/com.st.stm32cube.ide.mcu.externaltools.gnu-tools-for-stm32.11.3.rel1.win32_1.1.100.202309141235/tools/bin/../lib/gcc/arm-none-eabi/11.3.1/../../../../arm-none-eabi/lib/thumb/v7e-m+fp/hard\libc_nano.a(libc_a-nano-vfprintf_float.o)
                0x0000000008007cc8                _printf_float
 .text._printf_common
                0x0000000008008134       0xda E:/Microprocessors-Microcontrollers/STM32CubeIDE/STM32CubeIDE_1.14.0/STM32CubeIDE/plugins/com.st.stm32cube.ide.mcu.externaltools.gnu-tools-for-stm32.11.3.rel1.win32_1.1.100.202309141235/tools/bin/../lib/gcc/arm-none-eabi/11.3.1/../../../../arm-none-eabi/lib/thumb/v7e-m+fp/hard\libc_nano.a(libc_a-nano-vfprintf_i.o)
                0x0000000008008134                _printf_common
 *fill*         0x000000000800820e        0x2 
 .text._printf_i
                0x0000000008008210      0x244 E:/Microprocessors-Microcontrollers/STM32CubeIDE/STM32CubeIDE_1.14.0/STM32CubeIDE/plugins/com.st.stm32cube.ide.mcu.externaltools.gnu-tools-for-stm32.11.3.rel1.win32_1.1.100.202309141235/tools/bin/../lib/gcc/arm-none-eabi/11.3.1/../../../../arm-none-eabi/lib/thumb/v7e-m+fp/hard\libc_nano.a(libc_a-nano-vfprintf_i.o)
                0x0000000008008210                _printf_i
 .text.std      0x0000000008008454       0x6c E:/Microprocessors-Microcontrollers/STM32CubeIDE/STM32CubeIDE_1.14.0/STM32CubeIDE/plugins/com.st.stm32cube.ide.mcu.externaltools.gnu-tools-for-stm32.11.3.rel1.win32_1.1.100.202309141235/tools/bin/../lib/gcc/arm-none-eabi/11.3.1/../../../../arm-none-eabi/lib/thumb/v7e-m+fp/hard\libc_nano.a(libc_a-findfp.o)
 .text.stdio_exit_handler
                0x00000000080084c0       0x18 E:/Microprocessors-Microcontrollers/STM32CubeIDE/STM32CubeIDE_1.14.0/STM32CubeIDE/plugins/com.st.stm32cube.ide.mcu.externaltools.gnu-tools-for-stm32.11.3.rel1.win32_1.1.100.202309141235/tools/bin/../lib/gcc/arm-none-eabi/11.3.1/../../../../arm-none-eabi/lib/thumb/v7e-m+fp/hard\libc_nano.a(libc_a-findfp.o)
 .text.cleanup_stdio
                0x00000000080084d8       0x40 E:/Microprocessors-Microcontrollers/STM32CubeIDE/STM32CubeIDE_1.14.0/STM32CubeIDE/plugins/com.st.stm32cube.ide.mcu.externaltools.gnu-tools-for-stm32.11.3.rel1.win32_1.1.100.202309141235/tools/bin/../lib/gcc/arm-none-eabi/11.3.1/../../../../arm-none-eabi/lib/thumb/v7e-m+fp/hard\libc_nano.a(libc_a-findfp.o)
 .text.global_stdio_init.part.0
                0x0000000008008518       0x3c E:/Microprocessors-Microcontrollers/STM32CubeIDE/STM32CubeIDE_1.14.0/STM32CubeIDE/plugins/com.st.stm32cube.ide.mcu.externaltools.gnu-tools-for-stm32.11.3.rel1.win32_1.1.100.202309141235/tools/bin/../lib/gcc/arm-none-eabi/11.3.1/../../../../arm-none-eabi/lib/thumb/v7e-m+fp/hard\libc_nano.a(libc_a-findfp.o)
 .text.__sfp_lock_acquire
                0x0000000008008554        0xc E:/Microprocessors-Microcontrollers/STM32CubeIDE/STM32CubeIDE_1.14.0/STM32CubeIDE/plugins/com.st.stm32cube.ide.mcu.externaltools.gnu-tools-for-stm32.11.3.rel1.win32_1.1.100.202309141235/tools/bin/../lib/gcc/arm-none-eabi/11.3.1/../../../../arm-none-eabi/lib/thumb/v7e-m+fp/hard\libc_nano.a(libc_a-findfp.o)
                0x0000000008008554                __sfp_lock_acquire
 .text.__sfp_lock_release
                0x0000000008008560        0xc E:/Microprocessors-Microcontrollers/STM32CubeIDE/STM32CubeIDE_1.14.0/STM32CubeIDE/plugins/com.st.stm32cube.ide.mcu.externaltools.gnu-tools-for-stm32.11.3.rel1.win32_1.1.100.202309141235/tools/bin/../lib/gcc/arm-none-eabi/11.3.1/../../../../arm-none-eabi/lib/thumb/v7e-m+fp/hard\libc_nano.a(libc_a-findfp.o)
                0x0000000008008560                __sfp_lock_release
 .text.__sinit  0x000000000800856c       0x30 E:/Microprocessors-Microcontrollers/STM32CubeIDE/STM32CubeIDE_1.14.0/STM32CubeIDE/plugins/com.st.stm32cube.ide.mcu.externaltools.gnu-tools-for-stm32.11.3.rel1.win32_1.1.100.202309141235/tools/bin/../lib/gcc/arm-none-eabi/11.3.1/../../../../arm-none-eabi/lib/thumb/v7e-m+fp/hard\libc_nano.a(libc_a-findfp.o)
                0x000000000800856c                __sinit
 .text._fwalk_sglue
                0x000000000800859c       0x3c E:/Microprocessors-Microcontrollers/STM32CubeIDE/STM32CubeIDE_1.14.0/STM32CubeIDE/plugins/com.st.stm32cube.ide.mcu.externaltools.gnu-tools-for-stm32.11.3.rel1.win32_1.1.100.202309141235/tools/bin/../lib/gcc/arm-none-eabi/11.3.1/../../../../arm-none-eabi/lib/thumb/v7e-m+fp/hard\libc_nano.a(libc_a-fwalk.o)
                0x000000000800859c                _fwalk_sglue
 .text.sprintf  0x00000000080085d8       0x40 E:/Microprocessors-Microcontrollers/STM32CubeIDE/STM32CubeIDE_1.14.0/STM32CubeIDE/plugins/com.st.stm32cube.ide.mcu.externaltools.gnu-tools-for-stm32.11.3.rel1.win32_1.1.100.202309141235/tools/bin/../lib/gcc/arm-none-eabi/11.3.1/../../../../arm-none-eabi/lib/thumb/v7e-m+fp/hard\libc_nano.a(libc_a-sprintf.o)
                0x00000000080085d8                siprintf
                0x00000000080085d8                sprintf
 .text.__sread  0x0000000008008618       0x22 E:/Microprocessors-Microcontrollers/STM32CubeIDE/STM32CubeIDE_1.14.0/STM32CubeIDE/plugins/com.st.stm32cube.ide.mcu.externaltools.gnu-tools-for-stm32.11.3.rel1.win32_1.1.100.202309141235/tools/bin/../lib/gcc/arm-none-eabi/11.3.1/../../../../arm-none-eabi/lib/thumb/v7e-m+fp/hard\libc_nano.a(libc_a-stdio.o)
                0x0000000008008618                __sread
 .text.__swrite
                0x000000000800863a       0x38 E:/Microprocessors-Microcontrollers/STM32CubeIDE/STM32CubeIDE_1.14.0/STM32CubeIDE/plugins/com.st.stm32cube.ide.mcu.externaltools.gnu-tools-for-stm32.11.3.rel1.win32_1.1.100.202309141235/tools/bin/../lib/gcc/arm-none-eabi/11.3.1/../../../../arm-none-eabi/lib/thumb/v7e-m+fp/hard\libc_nano.a(libc_a-stdio.o)
                0x000000000800863a                __swrite
 .text.__sseek  0x0000000008008672       0x24 E:/Microprocessors-Microcontrollers/STM32CubeIDE/STM32CubeIDE_1.14.0/STM32CubeIDE/plugins/com.st.stm32cube.ide.mcu.externaltools.gnu-tools-for-stm32.11.3.rel1.win32_1.1.100.202309141235/tools/bin/../lib/gcc/arm-none-eabi/11.3.1/../../../../arm-none-eabi/lib/thumb/v7e-m+fp/hard\libc_nano.a(libc_a-stdio.o)
                0x0000000008008672                __sseek
 .text.__sclose
                0x0000000008008696        0x8 E:/Microprocessors-Microcontrollers/STM32CubeIDE/STM32CubeIDE_1.14.0/STM32CubeIDE/plugins/com.st.stm32cube.ide.mcu.externaltools.gnu-tools-for-stm32.11.3.rel1.win32_1.1.100.202309141235/tools/bin/../lib/gcc/arm-none-eabi/11.3.1/../../../../arm-none-eabi/lib/thumb/v7e-m+fp/hard\libc_nano.a(libc_a-stdio.o)
                0x0000000008008696                __sclose
 .text.memset   0x000000000800869e       0x10 E:/Microprocessors-Microcontrollers/STM32CubeIDE/STM32CubeIDE_1.14.0/STM32CubeIDE/plugins/com.st.stm32cube.ide.mcu.externaltools.gnu-tools-for-stm32.11.3.rel1.win32_1.1.100.202309141235/tools/bin/../lib/gcc/arm-none-eabi/11.3.1/../../../../arm-none-eabi/lib/thumb/v7e-m+fp/hard\libc_nano.a(libc_a-memset.o)
                0x000000000800869e                memset
 *fill*         0x00000000080086ae        0x2 
 .text._localeconv_r
                0x00000000080086b0        0x8 E:/Microprocessors-Microcontrollers/STM32CubeIDE/STM32CubeIDE_1.14.0/STM32CubeIDE/plugins/com.st.stm32cube.ide.mcu.externaltools.gnu-tools-for-stm32.11.3.rel1.win32_1.1.100.202309141235/tools/bin/../lib/gcc/arm-none-eabi/11.3.1/../../../../arm-none-eabi/lib/thumb/v7e-m+fp/hard\libc_nano.a(libc_a-localeconv.o)
                0x00000000080086b0                _localeconv_r
 .text._close_r
                0x00000000080086b8       0x20 E:/Microprocessors-Microcontrollers/STM32CubeIDE/STM32CubeIDE_1.14.0/STM32CubeIDE/plugins/com.st.stm32cube.ide.mcu.externaltools.gnu-tools-for-stm32.11.3.rel1.win32_1.1.100.202309141235/tools/bin/../lib/gcc/arm-none-eabi/11.3.1/../../../../arm-none-eabi/lib/thumb/v7e-m+fp/hard\libc_nano.a(libc_a-closer.o)
                0x00000000080086b8                _close_r
 .text._lseek_r
                0x00000000080086d8       0x24 E:/Microprocessors-Microcontrollers/STM32CubeIDE/STM32CubeIDE_1.14.0/STM32CubeIDE/plugins/com.st.stm32cube.ide.mcu.externaltools.gnu-tools-for-stm32.11.3.rel1.win32_1.1.100.202309141235/tools/bin/../lib/gcc/arm-none-eabi/11.3.1/../../../../arm-none-eabi/lib/thumb/v7e-m+fp/hard\libc_nano.a(libc_a-lseekr.o)
                0x00000000080086d8                _lseek_r
 .text._read_r  0x00000000080086fc       0x24 E:/Microprocessors-Microcontrollers/STM32CubeIDE/STM32CubeIDE_1.14.0/STM32CubeIDE/plugins/com.st.stm32cube.ide.mcu.externaltools.gnu-tools-for-stm32.11.3.rel1.win32_1.1.100.202309141235/tools/bin/../lib/gcc/arm-none-eabi/11.3.1/../../../../arm-none-eabi/lib/thumb/v7e-m+fp/hard\libc_nano.a(libc_a-readr.o)
                0x00000000080086fc                _read_r
 .text._write_r
                0x0000000008008720       0x24 E:/Microprocessors-Microcontrollers/STM32CubeIDE/STM32CubeIDE_1.14.0/STM32CubeIDE/plugins/com.st.stm32cube.ide.mcu.externaltools.gnu-tools-for-stm32.11.3.rel1.win32_1.1.100.202309141235/tools/bin/../lib/gcc/arm-none-eabi/11.3.1/../../../../arm-none-eabi/lib/thumb/v7e-m+fp/hard\libc_nano.a(libc_a-writer.o)
                0x0000000008008720                _write_r
 .text.__errno  0x0000000008008744        0xc E:/Microprocessors-Microcontrollers/STM32CubeIDE/STM32CubeIDE_1.14.0/STM32CubeIDE/plugins/com.st.stm32cube.ide.mcu.externaltools.gnu-tools-for-stm32.11.3.rel1.win32_1.1.100.202309141235/tools/bin/../lib/gcc/arm-none-eabi/11.3.1/../../../../arm-none-eabi/lib/thumb/v7e-m+fp/hard\libc_nano.a(libc_a-errno.o)
                0x0000000008008744                __errno
 .text.__libc_init_array
                0x0000000008008750       0x48 E:/Microprocessors-Microcontrollers/STM32CubeIDE/STM32CubeIDE_1.14.0/STM32CubeIDE/plugins/com.st.stm32cube.ide.mcu.externaltools.gnu-tools-for-stm32.11.3.rel1.win32_1.1.100.202309141235/tools/bin/../lib/gcc/arm-none-eabi/11.3.1/../../../../arm-none-eabi/lib/thumb/v7e-m+fp/hard\libc_nano.a(libc_a-init.o)
                0x0000000008008750                __libc_init_array
 .text.__retarget_lock_init_recursive
                0x0000000008008798        0x2 E:/Microprocessors-Microcontrollers/STM32CubeIDE/STM32CubeIDE_1.14.0/STM32CubeIDE/plugins/com.st.stm32cube.ide.mcu.externaltools.gnu-tools-for-stm32.11.3.rel1.win32_1.1.100.202309141235/tools/bin/../lib/gcc/arm-none-eabi/11.3.1/../../../../arm-none-eabi/lib/thumb/v7e-m+fp/hard\libc_nano.a(libc_a-lock.o)
                0x0000000008008798                __retarget_lock_init_recursive
 .text.__retarget_lock_acquire_recursive
                0x000000000800879a        0x2 E:/Microprocessors-Microcontrollers/STM32CubeIDE/STM32CubeIDE_1.14.0/STM32CubeIDE/plugins/com.st.stm32cube.ide.mcu.externaltools.gnu-tools-for-stm32.11.3.rel1.win32_1.1.100.202309141235/tools/bin/../lib/gcc/arm-none-eabi/11.3.1/../../../../arm-none-eabi/lib/thumb/v7e-m+fp/hard\libc_nano.a(libc_a-lock.o)
                0x000000000800879a                __retarget_lock_acquire_recursive
 .text.__retarget_lock_release_recursive
                0x000000000800879c        0x2 E:/Microprocessors-Microcontrollers/STM32CubeIDE/STM32CubeIDE_1.14.0/STM32CubeIDE/plugins/com.st.stm32cube.ide.mcu.externaltools.gnu-tools-for-stm32.11.3.rel1.win32_1.1.100.202309141235/tools/bin/../lib/gcc/arm-none-eabi/11.3.1/../../../../arm-none-eabi/lib/thumb/v7e-m+fp/hard\libc_nano.a(libc_a-lock.o)
                0x000000000800879c                __retarget_lock_release_recursive
 *fill*         0x000000000800879e        0x2 
 .text.__assert_func
                0x00000000080087a0       0x3c E:/Microprocessors-Microcontrollers/STM32CubeIDE/STM32CubeIDE_1.14.0/STM32CubeIDE/plugins/com.st.stm32cube.ide.mcu.externaltools.gnu-tools-for-stm32.11.3.rel1.win32_1.1.100.202309141235/tools/bin/../lib/gcc/arm-none-eabi/11.3.1/../../../../arm-none-eabi/lib/thumb/v7e-m+fp/hard\libc_nano.a(libc_a-assert.o)
                0x00000000080087a0                __assert_func
 .text.quorem   0x00000000080087dc      0x110 E:/Microprocessors-Microcontrollers/STM32CubeIDE/STM32CubeIDE_1.14.0/STM32CubeIDE/plugins/com.st.stm32cube.ide.mcu.externaltools.gnu-tools-for-stm32.11.3.rel1.win32_1.1.100.202309141235/tools/bin/../lib/gcc/arm-none-eabi/11.3.1/../../../../arm-none-eabi/lib/thumb/v7e-m+fp/hard\libc_nano.a(libc_a-dtoa.o)
 *fill*         0x00000000080088ec        0x4 
 .text._dtoa_r  0x00000000080088f0      0xbe4 E:/Microprocessors-Microcontrollers/STM32CubeIDE/STM32CubeIDE_1.14.0/STM32CubeIDE/plugins/com.st.stm32cube.ide.mcu.externaltools.gnu-tools-for-stm32.11.3.rel1.win32_1.1.100.202309141235/tools/bin/../lib/gcc/arm-none-eabi/11.3.1/../../../../arm-none-eabi/lib/thumb/v7e-m+fp/hard\libc_nano.a(libc_a-dtoa.o)
                0x00000000080088f0                _dtoa_r
 .text._free_r  0x00000000080094d4       0x98 E:/Microprocessors-Microcontrollers/STM32CubeIDE/STM32CubeIDE_1.14.0/STM32CubeIDE/plugins/com.st.stm32cube.ide.mcu.externaltools.gnu-tools-for-stm32.11.3.rel1.win32_1.1.100.202309141235/tools/bin/../lib/gcc/arm-none-eabi/11.3.1/../../../../arm-none-eabi/lib/thumb/v7e-m+fp/hard\libc_nano.a(libc_a-freer.o)
                0x00000000080094d4                _free_r
 .text.malloc   0x000000000800956c       0x10 E:/Microprocessors-Microcontrollers/STM32CubeIDE/STM32CubeIDE_1.14.0/STM32CubeIDE/plugins/com.st.stm32cube.ide.mcu.externaltools.gnu-tools-for-stm32.11.3.rel1.win32_1.1.100.202309141235/tools/bin/../lib/gcc/arm-none-eabi/11.3.1/../../../../arm-none-eabi/lib/thumb/v7e-m+fp/hard\libc_nano.a(libc_a-malloc.o)
                0x000000000800956c                malloc
 .text.sbrk_aligned
                0x000000000800957c       0x40 E:/Microprocessors-Microcontrollers/STM32CubeIDE/STM32CubeIDE_1.14.0/STM32CubeIDE/plugins/com.st.stm32cube.ide.mcu.externaltools.gnu-tools-for-stm32.11.3.rel1.win32_1.1.100.202309141235/tools/bin/../lib/gcc/arm-none-eabi/11.3.1/../../../../arm-none-eabi/lib/thumb/v7e-m+fp/hard\libc_nano.a(libc_a-mallocr.o)
 .text._malloc_r
                0x00000000080095bc      0x100 E:/Microprocessors-Microcontrollers/STM32CubeIDE/STM32CubeIDE_1.14.0/STM32CubeIDE/plugins/com.st.stm32cube.ide.mcu.externaltools.gnu-tools-for-stm32.11.3.rel1.win32_1.1.100.202309141235/tools/bin/../lib/gcc/arm-none-eabi/11.3.1/../../../../arm-none-eabi/lib/thumb/v7e-m+fp/hard\libc_nano.a(libc_a-mallocr.o)
                0x00000000080095bc                _malloc_r
 .text.__malloc_lock
                0x00000000080096bc        0xc E:/Microprocessors-Microcontrollers/STM32CubeIDE/STM32CubeIDE_1.14.0/STM32CubeIDE/plugins/com.st.stm32cube.ide.mcu.externaltools.gnu-tools-for-stm32.11.3.rel1.win32_1.1.100.202309141235/tools/bin/../lib/gcc/arm-none-eabi/11.3.1/../../../../arm-none-eabi/lib/thumb/v7e-m+fp/hard\libc_nano.a(libc_a-mlock.o)
                0x00000000080096bc                __malloc_lock
 .text.__malloc_unlock
                0x00000000080096c8        0xc E:/Microprocessors-Microcontrollers/STM32CubeIDE/STM32CubeIDE_1.14.0/STM32CubeIDE/plugins/com.st.stm32cube.ide.mcu.externaltools.gnu-tools-for-stm32.11.3.rel1.win32_1.1.100.202309141235/tools/bin/../lib/gcc/arm-none-eabi/11.3.1/../../../../arm-none-eabi/lib/thumb/v7e-m+fp/hard\libc_nano.a(libc_a-mlock.o)
                0x00000000080096c8                __malloc_unlock
 .text._Balloc  0x00000000080096d4       0x80 E:/Microprocessors-Microcontrollers/STM32CubeIDE/STM32CubeIDE_1.14.0/STM32CubeIDE/plugins/com.st.stm32cube.ide.mcu.externaltools.gnu-tools-for-stm32.11.3.rel1.win32_1.1.100.202309141235/tools/bin/../lib/gcc/arm-none-eabi/11.3.1/../../../../arm-none-eabi/lib/thumb/v7e-m+fp/hard\libc_nano.a(libc_a-mprec.o)
                0x00000000080096d4                _Balloc
 .text._Bfree   0x0000000008009754       0x44 E:/Microprocessors-Microcontrollers/STM32CubeIDE/STM32CubeIDE_1.14.0/STM32CubeIDE/plugins/com.st.stm32cube.ide.mcu.externaltools.gnu-tools-for-stm32.11.3.rel1.win32_1.1.100.202309141235/tools/bin/../lib/gcc/arm-none-eabi/11.3.1/../../../../arm-none-eabi/lib/thumb/v7e-m+fp/hard\libc_nano.a(libc_a-mprec.o)
                0x0000000008009754                _Bfree
 .text.__multadd
                0x0000000008009798       0x8c E:/Microprocessors-Microcontrollers/STM32CubeIDE/STM32CubeIDE_1.14.0/STM32CubeIDE/plugins/com.st.stm32cube.ide.mcu.externaltools.gnu-tools-for-stm32.11.3.rel1.win32_1.1.100.202309141235/tools/bin/../lib/gcc/arm-none-eabi/11.3.1/../../../../arm-none-eabi/lib/thumb/v7e-m+fp/hard\libc_nano.a(libc_a-mprec.o)
                0x0000000008009798                __multadd
 .text.__hi0bits
                0x0000000008009824       0x40 E:/Microprocessors-Microcontrollers/STM32CubeIDE/STM32CubeIDE_1.14.0/STM32CubeIDE/plugins/com.st.stm32cube.ide.mcu.externaltools.gnu-tools-for-stm32.11.3.rel1.win32_1.1.100.202309141235/tools/bin/../lib/gcc/arm-none-eabi/11.3.1/../../../../arm-none-eabi/lib/thumb/v7e-m+fp/hard\libc_nano.a(libc_a-mprec.o)
                0x0000000008009824                __hi0bits
 .text.__lo0bits
                0x0000000008009864       0x5a E:/Microprocessors-Microcontrollers/STM32CubeIDE/STM32CubeIDE_1.14.0/STM32CubeIDE/plugins/com.st.stm32cube.ide.mcu.externaltools.gnu-tools-for-stm32.11.3.rel1.win32_1.1.100.202309141235/tools/bin/../lib/gcc/arm-none-eabi/11.3.1/../../../../arm-none-eabi/lib/thumb/v7e-m+fp/hard\libc_nano.a(libc_a-mprec.o)
                0x0000000008009864                __lo0bits
 *fill*         0x00000000080098be        0x2 
 .text.__i2b    0x00000000080098c0       0x2c E:/Microprocessors-Microcontrollers/STM32CubeIDE/STM32CubeIDE_1.14.0/STM32CubeIDE/plugins/com.st.stm32cube.ide.mcu.externaltools.gnu-tools-for-stm32.11.3.rel1.win32_1.1.100.202309141235/tools/bin/../lib/gcc/arm-none-eabi/11.3.1/../../../../arm-none-eabi/lib/thumb/v7e-m+fp/hard\libc_nano.a(libc_a-mprec.o)
                0x00000000080098c0                __i2b
 .text.__multiply
                0x00000000080098ec      0x154 E:/Microprocessors-Microcontrollers/STM32CubeIDE/STM32CubeIDE_1.14.0/STM32CubeIDE/plugins/com.st.stm32cube.ide.mcu.externaltools.gnu-tools-for-stm32.11.3.rel1.win32_1.1.100.202309141235/tools/bin/../lib/gcc/arm-none-eabi/11.3.1/../../../../arm-none-eabi/lib/thumb/v7e-m+fp/hard\libc_nano.a(libc_a-mprec.o)
                0x00000000080098ec                __multiply
 .text.__pow5mult
                0x0000000008009a40       0xb4 E:/Microprocessors-Microcontrollers/STM32CubeIDE/STM32CubeIDE_1.14.0/STM32CubeIDE/plugins/com.st.stm32cube.ide.mcu.externaltools.gnu-tools-for-stm32.11.3.rel1.win32_1.1.100.202309141235/tools/bin/../lib/gcc/arm-none-eabi/11.3.1/../../../../arm-none-eabi/lib/thumb/v7e-m+fp/hard\libc_nano.a(libc_a-mprec.o)
                0x0000000008009a40                __pow5mult
 .text.__lshift
                0x0000000008009af4       0xd8 E:/Microprocessors-Microcontrollers/STM32CubeIDE/STM32CubeIDE_1.14.0/STM32CubeIDE/plugins/com.st.stm32cube.ide.mcu.externaltools.gnu-tools-for-stm32.11.3.rel1.win32_1.1.100.202309141235/tools/bin/../lib/gcc/arm-none-eabi/11.3.1/../../../../arm-none-eabi/lib/thumb/v7e-m+fp/hard\libc_nano.a(libc_a-mprec.o)
                0x0000000008009af4                __lshift
 .text.__mcmp   0x0000000008009bcc       0x38 E:/Microprocessors-Microcontrollers/STM32CubeIDE/STM32CubeIDE_1.14.0/STM32CubeIDE/plugins/com.st.stm32cube.ide.mcu.externaltools.gnu-tools-for-stm32.11.3.rel1.win32_1.1.100.202309141235/tools/bin/../lib/gcc/arm-none-eabi/11.3.1/../../../../arm-none-eabi/lib/thumb/v7e-m+fp/hard\libc_nano.a(libc_a-mprec.o)
                0x0000000008009bcc                __mcmp
 .text.__mdiff  0x0000000008009c04      0x114 E:/Microprocessors-Microcontrollers/STM32CubeIDE/STM32CubeIDE_1.14.0/STM32CubeIDE/plugins/com.st.stm32cube.ide.mcu.externaltools.gnu-tools-for-stm32.11.3.rel1.win32_1.1.100.202309141235/tools/bin/../lib/gcc/arm-none-eabi/11.3.1/../../../../arm-none-eabi/lib/thumb/v7e-m+fp/hard\libc_nano.a(libc_a-mprec.o)
                0x0000000008009c04                __mdiff
 .text.__d2b    0x0000000008009d18       0xb4 E:/Microprocessors-Microcontrollers/STM32CubeIDE/STM32CubeIDE_1.14.0/STM32CubeIDE/plugins/com.st.stm32cube.ide.mcu.externaltools.gnu-tools-for-stm32.11.3.rel1.win32_1.1.100.202309141235/tools/bin/../lib/gcc/arm-none-eabi/11.3.1/../../../../arm-none-eabi/lib/thumb/v7e-m+fp/hard\libc_nano.a(libc_a-mprec.o)
                0x0000000008009d18                __d2b
 .text.__ssputs_r
                0x0000000008009dcc       0xb4 E:/Microprocessors-Microcontrollers/STM32CubeIDE/STM32CubeIDE_1.14.0/STM32CubeIDE/plugins/com.st.stm32cube.ide.mcu.externaltools.gnu-tools-for-stm32.11.3.rel1.win32_1.1.100.202309141235/tools/bin/../lib/gcc/arm-none-eabi/11.3.1/../../../../arm-none-eabi/lib/thumb/v7e-m+fp/hard\libc_nano.a(libc_a-nano-svfprintf.o)
                0x0000000008009dcc                __ssputs_r
 .text._svfprintf_r
                0x0000000008009e80      0x1fc E:/Microprocessors-Microcontrollers/STM32CubeIDE/STM32CubeIDE_1.14.0/STM32CubeIDE/plugins/com.st.stm32cube.ide.mcu.externaltools.gnu-tools-for-stm32.11.3.rel1.win32_1.1.100.202309141235/tools/bin/../lib/gcc/arm-none-eabi/11.3.1/../../../../arm-none-eabi/lib/thumb/v7e-m+fp/hard\libc_nano.a(libc_a-nano-svfprintf.o)
                0x0000000008009e80                _svfiprintf_r
                0x0000000008009e80                _svfprintf_r
 .text.__sflush_r
                0x000000000800a07c      0x10c E:/Microprocessors-Microcontrollers/STM32CubeIDE/STM32CubeIDE_1.14.0/STM32CubeIDE/plugins/com.st.stm32cube.ide.mcu.externaltools.gnu-tools-for-stm32.11.3.rel1.win32_1.1.100.202309141235/tools/bin/../lib/gcc/arm-none-eabi/11.3.1/../../../../arm-none-eabi/lib/thumb/v7e-m+fp/hard\libc_nano.a(libc_a-fflush.o)
                0x000000000800a07c                __sflush_r
 .text._fflush_r
                0x000000000800a188       0x50 E:/Microprocessors-Microcontrollers/STM32CubeIDE/STM32CubeIDE_1.14.0/STM32CubeIDE/plugins/com.st.stm32cube.ide.mcu.externaltools.gnu-tools-for-stm32.11.3.rel1.win32_1.1.100.202309141235/tools/bin/../lib/gcc/arm-none-eabi/11.3.1/../../../../arm-none-eabi/lib/thumb/v7e-m+fp/hard\libc_nano.a(libc_a-fflush.o)
                0x000000000800a188                _fflush_r
 .text.fprintf  0x000000000800a1d8       0x24 E:/Microprocessors-Microcontrollers/STM32CubeIDE/STM32CubeIDE_1.14.0/STM32CubeIDE/plugins/com.st.stm32cube.ide.mcu.externaltools.gnu-tools-for-stm32.11.3.rel1.win32_1.1.100.202309141235/tools/bin/../lib/gcc/arm-none-eabi/11.3.1/../../../../arm-none-eabi/lib/thumb/v7e-m+fp/hard\libc_nano.a(libc_a-fprintf.o)
                0x000000000800a1d8                fiprintf
                0x000000000800a1d8                fprintf
 .text.memmove  0x000000000800a1fc       0x34 E:/Microprocessors-Microcontrollers/STM32CubeIDE/STM32CubeIDE_1.14.0/STM32CubeIDE/plugins/com.st.stm32cube.ide.mcu.externaltools.gnu-tools-for-stm32.11.3.rel1.win32_1.1.100.202309141235/tools/bin/../lib/gcc/arm-none-eabi/11.3.1/../../../../arm-none-eabi/lib/thumb/v7e-m+fp/hard\libc_nano.a(libc_a-memmove.o)
                0x000000000800a1fc                memmove
 .text._sbrk_r  0x000000000800a230       0x20 E:/Microprocessors-Microcontrollers/STM32CubeIDE/STM32CubeIDE_1.14.0/STM32CubeIDE/plugins/com.st.stm32cube.ide.mcu.externaltools.gnu-tools-for-stm32.11.3.rel1.win32_1.1.100.202309141235/tools/bin/../lib/gcc/arm-none-eabi/11.3.1/../../../../arm-none-eabi/lib/thumb/v7e-m+fp/hard\libc_nano.a(libc_a-sbrkr.o)
                0x000000000800a230                _sbrk_r
 .text.memcpy   0x000000000800a250       0x1c E:/Microprocessors-Microcontrollers/STM32CubeIDE/STM32CubeIDE_1.14.0/STM32CubeIDE/plugins/com.st.stm32cube.ide.mcu.externaltools.gnu-tools-for-stm32.11.3.rel1.win32_1.1.100.202309141235/tools/bin/../lib/gcc/arm-none-eabi/11.3.1/../../../../arm-none-eabi/lib/thumb/v7e-m+fp/hard\libc_nano.a(libc_a-memcpy-stub.o)
                0x000000000800a250                memcpy
 .text.abort    0x000000000800a26c        0xe E:/Microprocessors-Microcontrollers/STM32CubeIDE/STM32CubeIDE_1.14.0/STM32CubeIDE/plugins/com.st.stm32cube.ide.mcu.externaltools.gnu-tools-for-stm32.11.3.rel1.win32_1.1.100.202309141235/tools/bin/../lib/gcc/arm-none-eabi/11.3.1/../../../../arm-none-eabi/lib/thumb/v7e-m+fp/hard\libc_nano.a(libc_a-abort.o)
                0x000000000800a26c                abort
 .text._calloc_r
                0x000000000800a27a       0x2c E:/Microprocessors-Microcontrollers/STM32CubeIDE/STM32CubeIDE_1.14.0/STM32CubeIDE/plugins/com.st.stm32cube.ide.mcu.externaltools.gnu-tools-for-stm32.11.3.rel1.win32_1.1.100.202309141235/tools/bin/../lib/gcc/arm-none-eabi/11.3.1/../../../../arm-none-eabi/lib/thumb/v7e-m+fp/hard\libc_nano.a(libc_a-callocr.o)
                0x000000000800a27a                _calloc_r
 .text.__ascii_mbtowc
                0x000000000800a2a6       0x24 E:/Microprocessors-Microcontrollers/STM32CubeIDE/STM32CubeIDE_1.14.0/STM32CubeIDE/plugins/com.st.stm32cube.ide.mcu.externaltools.gnu-tools-for-stm32.11.3.rel1.win32_1.1.100.202309141235/tools/bin/../lib/gcc/arm-none-eabi/11.3.1/../../../../arm-none-eabi/lib/thumb/v7e-m+fp/hard\libc_nano.a(libc_a-mbtowc_r.o)
                0x000000000800a2a6                __ascii_mbtowc
 .text._realloc_r
                0x000000000800a2ca       0x5e E:/Microprocessors-Microcontrollers/STM32CubeIDE/STM32CubeIDE_1.14.0/STM32CubeIDE/plugins/com.st.stm32cube.ide.mcu.externaltools.gnu-tools-for-stm32.11.3.rel1.win32_1.1.100.202309141235/tools/bin/../lib/gcc/arm-none-eabi/11.3.1/../../../../arm-none-eabi/lib/thumb/v7e-m+fp/hard\libc_nano.a(libc_a-reallocr.o)
                0x000000000800a2ca                _realloc_r
 .text.__ascii_wctomb
                0x000000000800a328       0x1a E:/Microprocessors-Microcontrollers/STM32CubeIDE/STM32CubeIDE_1.14.0/STM32CubeIDE/plugins/com.st.stm32cube.ide.mcu.externaltools.gnu-tools-for-stm32.11.3.rel1.win32_1.1.100.202309141235/tools/bin/../lib/gcc/arm-none-eabi/11.3.1/../../../../arm-none-eabi/lib/thumb/v7e-m+fp/hard\libc_nano.a(libc_a-wctomb_r.o)
                0x000000000800a328                __ascii_wctomb
 .text.__sfputc_r
                0x000000000800a342       0x2e E:/Microprocessors-Microcontrollers/STM32CubeIDE/STM32CubeIDE_1.14.0/STM32CubeIDE/plugins/com.st.stm32cube.ide.mcu.externaltools.gnu-tools-for-stm32.11.3.rel1.win32_1.1.100.202309141235/tools/bin/../lib/gcc/arm-none-eabi/11.3.1/../../../../arm-none-eabi/lib/thumb/v7e-m+fp/hard\libc_nano.a(libc_a-nano-vfprintf.o)
 .text.__sfputs_r
                0x000000000800a370       0x24 E:/Microprocessors-Microcontrollers/STM32CubeIDE/STM32CubeIDE_1.14.0/STM32CubeIDE/plugins/com.st.stm32cube.ide.mcu.externaltools.gnu-tools-for-stm32.11.3.rel1.win32_1.1.100.202309141235/tools/bin/../lib/gcc/arm-none-eabi/11.3.1/../../../../arm-none-eabi/lib/thumb/v7e-m+fp/hard\libc_nano.a(libc_a-nano-vfprintf.o)
                0x000000000800a370                __sfputs_r
 .text._vfprintf_r
                0x000000000800a394      0x234 E:/Microprocessors-Microcontrollers/STM32CubeIDE/STM32CubeIDE_1.14.0/STM32CubeIDE/plugins/com.st.stm32cube.ide.mcu.externaltools.gnu-tools-for-stm32.11.3.rel1.win32_1.1.100.202309141235/tools/bin/../lib/gcc/arm-none-eabi/11.3.1/../../../../arm-none-eabi/lib/thumb/v7e-m+fp/hard\libc_nano.a(libc_a-nano-vfprintf.o)
                0x000000000800a394                _vfprintf_r
                0x000000000800a394                _vfiprintf_r
 .text.__swbuf_r
                0x000000000800a5c8       0x7a E:/Microprocessors-Microcontrollers/STM32CubeIDE/STM32CubeIDE_1.14.0/STM32CubeIDE/plugins/com.st.stm32cube.ide.mcu.externaltools.gnu-tools-for-stm32.11.3.rel1.win32_1.1.100.202309141235/tools/bin/../lib/gcc/arm-none-eabi/11.3.1/../../../../arm-none-eabi/lib/thumb/v7e-m+fp/hard\libc_nano.a(libc_a-wbuf.o)
                0x000000000800a5c8                __swbuf_r
 *fill*         0x000000000800a642        0x2 
 .text.__swsetup_r
                0x000000000800a644       0xb0 E:/Microprocessors-Microcontrollers/STM32CubeIDE/STM32CubeIDE_1.14.0/STM32CubeIDE/plugins/com.st.stm32cube.ide.mcu.externaltools.gnu-tools-for-stm32.11.3.rel1.win32_1.1.100.202309141235/tools/bin/../lib/gcc/arm-none-eabi/11.3.1/../../../../arm-none-eabi/lib/thumb/v7e-m+fp/hard\libc_nano.a(libc_a-wsetup.o)
                0x000000000800a644                __swsetup_r
 .text._raise_r
                0x000000000800a6f4       0x50 E:/Microprocessors-Microcontrollers/STM32CubeIDE/STM32CubeIDE_1.14.0/STM32CubeIDE/plugins/com.st.stm32cube.ide.mcu.externaltools.gnu-tools-for-stm32.11.3.rel1.win32_1.1.100.202309141235/tools/bin/../lib/gcc/arm-none-eabi/11.3.1/../../../../arm-none-eabi/lib/thumb/v7e-m+fp/hard\libc_nano.a(libc_a-signal.o)
                0x000000000800a6f4                _raise_r
 .text.raise    0x000000000800a744       0x10 E:/Microprocessors-Microcontrollers/STM32CubeIDE/STM32CubeIDE_1.14.0/STM32CubeIDE/plugins/com.st.stm32cube.ide.mcu.externaltools.gnu-tools-for-stm32.11.3.rel1.win32_1.1.100.202309141235/tools/bin/../lib/gcc/arm-none-eabi/11.3.1/../../../../arm-none-eabi/lib/thumb/v7e-m+fp/hard\libc_nano.a(libc_a-signal.o)
                0x000000000800a744                raise
 .text._kill_r  0x000000000800a754       0x24 E:/Microprocessors-Microcontrollers/STM32CubeIDE/STM32CubeIDE_1.14.0/STM32CubeIDE/plugins/com.st.stm32cube.ide.mcu.externaltools.gnu-tools-for-stm32.11.3.rel1.win32_1.1.100.202309141235/tools/bin/../lib/gcc/arm-none-eabi/11.3.1/../../../../arm-none-eabi/lib/thumb/v7e-m+fp/hard\libc_nano.a(libc_a-signalr.o)
                0x000000000800a754                _kill_r
 .text._getpid_r
                0x000000000800a778        0x4 E:/Microprocessors-Microcontrollers/STM32CubeIDE/STM32CubeIDE_1.14.0/STM32CubeIDE/plugins/com.st.stm32cube.ide.mcu.externaltools.gnu-tools-for-stm32.11.3.rel1.win32_1.1.100.202309141235/tools/bin/../lib/gcc/arm-none-eabi/11.3.1/../../../../arm-none-eabi/lib/thumb/v7e-m+fp/hard\libc_nano.a(libc_a-signalr.o)
                0x000000000800a778                _getpid_r
 .text._malloc_usable_size_r
                0x000000000800a77c       0x10 E:/Microprocessors-Microcontrollers/STM32CubeIDE/STM32CubeIDE_1.14.0/STM32CubeIDE/plugins/com.st.stm32cube.ide.mcu.externaltools.gnu-tools-for-stm32.11.3.rel1.win32_1.1.100.202309141235/tools/bin/../lib/gcc/arm-none-eabi/11.3.1/../../../../arm-none-eabi/lib/thumb/v7e-m+fp/hard\libc_nano.a(libc_a-msizer.o)
                0x000000000800a77c                _malloc_usable_size_r
 .text.__swhatbuf_r
                0x000000000800a78c       0x4c E:/Microprocessors-Microcontrollers/STM32CubeIDE/STM32CubeIDE_1.14.0/STM32CubeIDE/plugins/com.st.stm32cube.ide.mcu.externaltools.gnu-tools-for-stm32.11.3.rel1.win32_1.1.100.202309141235/tools/bin/../lib/gcc/arm-none-eabi/11.3.1/../../../../arm-none-eabi/lib/thumb/v7e-m+fp/hard\libc_nano.a(libc_a-makebuf.o)
                0x000000000800a78c                __swhatbuf_r
 .text.__smakebuf_r
                0x000000000800a7d8       0x78 E:/Microprocessors-Microcontrollers/STM32CubeIDE/STM32CubeIDE_1.14.0/STM32CubeIDE/plugins/com.st.stm32cube.ide.mcu.externaltools.gnu-tools-for-stm32.11.3.rel1.win32_1.1.100.202309141235/tools/bin/../lib/gcc/arm-none-eabi/11.3.1/../../../../arm-none-eabi/lib/thumb/v7e-m+fp/hard\libc_nano.a(libc_a-makebuf.o)
                0x000000000800a7d8                __smakebuf_r
 .text._fstat_r
                0x000000000800a850       0x24 E:/Microprocessors-Microcontrollers/STM32CubeIDE/STM32CubeIDE_1.14.0/STM32CubeIDE/plugins/com.st.stm32cube.ide.mcu.externaltools.gnu-tools-for-stm32.11.3.rel1.win32_1.1.100.202309141235/tools/bin/../lib/gcc/arm-none-eabi/11.3.1/../../../../arm-none-eabi/lib/thumb/v7e-m+fp/hard\libc_nano.a(libc_a-fstatr.o)
                0x000000000800a850                _fstat_r
 .text._isatty_r
                0x000000000800a874       0x20 E:/Microprocessors-Microcontrollers/STM32CubeIDE/STM32CubeIDE_1.14.0/STM32CubeIDE/plugins/com.st.stm32cube.ide.mcu.externaltools.gnu-tools-for-stm32.11.3.rel1.win32_1.1.100.202309141235/tools/bin/../lib/gcc/arm-none-eabi/11.3.1/../../../../arm-none-eabi/lib/thumb/v7e-m+fp/hard\libc_nano.a(libc_a-isattyr.o)
                0x000000000800a874                _isatty_r
 .text.fmaxf    0x000000000800a894       0x36 E:/Microprocessors-Microcontrollers/STM32CubeIDE/STM32CubeIDE_1.14.0/STM32CubeIDE/plugins/com.st.stm32cube.ide.mcu.externaltools.gnu-tools-for-stm32.11.3.rel1.win32_1.1.100.202309141235/tools/bin/../lib/gcc/arm-none-eabi/11.3.1/../../../../arm-none-eabi/lib/thumb/v7e-m+fp/hard\libm.a(libm_a-sf_fmax.o)
                0x000000000800a894                fmaxf
 *fill*         0x000000000800a8ca        0x2 
 .text.__fpclassifyf
                0x000000000800a8cc       0x38 E:/Microprocessors-Microcontrollers/STM32CubeIDE/STM32CubeIDE_1.14.0/STM32CubeIDE/plugins/com.st.stm32cube.ide.mcu.externaltools.gnu-tools-for-stm32.11.3.rel1.win32_1.1.100.202309141235/tools/bin/../lib/gcc/arm-none-eabi/11.3.1/../../../../arm-none-eabi/lib/thumb/v7e-m+fp/hard\libm.a(libm_a-sf_fpclassify.o)
                0x000000000800a8cc                __fpclassifyf
 *(.glue_7)
 .glue_7        0x000000000800a904        0x0 linker stubs
 *(.glue_7t)
 .glue_7t       0x000000000800a904        0x0 linker stubs
 *(.eh_frame)
 .eh_frame      0x000000000800a904        0x0 E:/Microprocessors-Microcontrollers/STM32CubeIDE/STM32CubeIDE_1.14.0/STM32CubeIDE/plugins/com.st.stm32cube.ide.mcu.externaltools.gnu-tools-for-stm32.11.3.rel1.win32_1.1.100.202309141235/tools/bin/../lib/gcc/arm-none-eabi/11.3.1/thumb/v7e-m+fp/hard/crtbegin.o
 *(.init)
 .init          0x000000000800a904        0x4 E:/Microprocessors-Microcontrollers/STM32CubeIDE/STM32CubeIDE_1.14.0/STM32CubeIDE/plugins/com.st.stm32cube.ide.mcu.externaltools.gnu-tools-for-stm32.11.3.rel1.win32_1.1.100.202309141235/tools/bin/../lib/gcc/arm-none-eabi/11.3.1/thumb/v7e-m+fp/hard/crti.o
                0x000000000800a904                _init
 .init          0x000000000800a908        0x8 E:/Microprocessors-Microcontrollers/STM32CubeIDE/STM32CubeIDE_1.14.0/STM32CubeIDE/plugins/com.st.stm32cube.ide.mcu.externaltools.gnu-tools-for-stm32.11.3.rel1.win32_1.1.100.202309141235/tools/bin/../lib/gcc/arm-none-eabi/11.3.1/thumb/v7e-m+fp/hard/crtn.o
 *(.fini)
 .fini          0x000000000800a910        0x4 E:/Microprocessors-Microcontrollers/STM32CubeIDE/STM32CubeIDE_1.14.0/STM32CubeIDE/plugins/com.st.stm32cube.ide.mcu.externaltools.gnu-tools-for-stm32.11.3.rel1.win32_1.1.100.202309141235/tools/bin/../lib/gcc/arm-none-eabi/11.3.1/thumb/v7e-m+fp/hard/crti.o
                0x000000000800a910                _fini
 .fini          0x000000000800a914        0x8 E:/Microprocessors-Microcontrollers/STM32CubeIDE/STM32CubeIDE_1.14.0/STM32CubeIDE/plugins/com.st.stm32cube.ide.mcu.externaltools.gnu-tools-for-stm32.11.3.rel1.win32_1.1.100.202309141235/tools/bin/../lib/gcc/arm-none-eabi/11.3.1/thumb/v7e-m+fp/hard/crtn.o
                0x000000000800a91c                . = ALIGN (0x4)
                0x000000000800a91c                _etext = .

.vfp11_veneer   0x000000000800a91c        0x0
 .vfp11_veneer  0x000000000800a91c        0x0 linker stubs

.v4_bx          0x000000000800a91c        0x0
 .v4_bx         0x000000000800a91c        0x0 linker stubs

.iplt           0x000000000800a91c        0x0
 .iplt          0x000000000800a91c        0x0 E:/Microprocessors-Microcontrollers/STM32CubeIDE/STM32CubeIDE_1.14.0/STM32CubeIDE/plugins/com.st.stm32cube.ide.mcu.externaltools.gnu-tools-for-stm32.11.3.rel1.win32_1.1.100.202309141235/tools/bin/../lib/gcc/arm-none-eabi/11.3.1/thumb/v7e-m+fp/hard/crtbegin.o

.rodata         0x000000000800a920    0x28c00
                0x000000000800a920                . = ALIGN (0x4)
 *(.rodata)
 .rodata        0x000000000800a920       0x7f ./Core/Src/game_ui.o
 *fill*         0x000000000800a99f        0x1 
 .rodata        0x000000000800a9a0       0x17 ./Core/Src/main.o
 *(.rodata*)
 *fill*         0x000000000800a9b7        0x1 
 .rodata.ascii_1608
                0x000000000800a9b8      0x5f0 ./Core/Src/lcd.o
                0x000000000800a9b8                ascii_1608
 .rodata.ascii_2412
                0x000000000800afa8     0x11d0 ./Core/Src/lcd.o
                0x000000000800afa8                ascii_2412
 .rodata.ascii_3216
                0x000000000800c178     0x17c0 ./Core/Src/lcd.o
                0x000000000800c178                ascii_3216
 .rodata.gImage_BK
                0x000000000800d938    0x25800 ./Core/Src/picture.o
                0x000000000800d938                gImage_BK
 .rodata.AHBPrescTable
                0x0000000008033138       0x10 ./Core/Src/system_stm32f4xx.o
                0x0000000008033138                AHBPrescTable
 .rodata.APBPrescTable
                0x0000000008033148        0x8 ./Core/Src/system_stm32f4xx.o
                0x0000000008033148                APBPrescTable
 .rodata.flagBitshiftOffset.0
                0x0000000008033150        0x8 ./Drivers/STM32F4xx_HAL_Driver/Src/stm32f4xx_hal_dma.o
 .rodata.srand.str1.1
                0x0000000008033158       0x6f E:/Microprocessors-Microcontrollers/STM32CubeIDE/STM32CubeIDE_1.14.0/STM32CubeIDE/plugins/com.st.stm32cube.ide.mcu.externaltools.gnu-tools-for-stm32.11.3.rel1.win32_1.1.100.202309141235/tools/bin/../lib/gcc/arm-none-eabi/11.3.1/../../../../arm-none-eabi/lib/thumb/v7e-m+fp/hard\libc_nano.a(libc_a-rand.o)
 .rodata._printf_float.str1.1
                0x00000000080331c7       0x12 E:/Microprocessors-Microcontrollers/STM32CubeIDE/STM32CubeIDE_1.14.0/STM32CubeIDE/plugins/com.st.stm32cube.ide.mcu.externaltools.gnu-tools-for-stm32.11.3.rel1.win32_1.1.100.202309141235/tools/bin/../lib/gcc/arm-none-eabi/11.3.1/../../../../arm-none-eabi/lib/thumb/v7e-m+fp/hard\libc_nano.a(libc_a-nano-vfprintf_float.o)
 .rodata._printf_i.str1.1
                0x00000000080331d9       0x22 E:/Microprocessors-Microcontrollers/STM32CubeIDE/STM32CubeIDE_1.14.0/STM32CubeIDE/plugins/com.st.stm32cube.ide.mcu.externaltools.gnu-tools-for-stm32.11.3.rel1.win32_1.1.100.202309141235/tools/bin/../lib/gcc/arm-none-eabi/11.3.1/../../../../arm-none-eabi/lib/thumb/v7e-m+fp/hard\libc_nano.a(libc_a-nano-vfprintf_i.o)
 .rodata.__assert_func.str1.1
                0x00000000080331fb       0x3c E:/Microprocessors-Microcontrollers/STM32CubeIDE/STM32CubeIDE_1.14.0/STM32CubeIDE/plugins/com.st.stm32cube.ide.mcu.externaltools.gnu-tools-for-stm32.11.3.rel1.win32_1.1.100.202309141235/tools/bin/../lib/gcc/arm-none-eabi/11.3.1/../../../../arm-none-eabi/lib/thumb/v7e-m+fp/hard\libc_nano.a(libc_a-assert.o)
                                         0x3d (size before relaxing)
 .rodata._dtoa_r.str1.1
                0x0000000008033237       0x76 E:/Microprocessors-Microcontrollers/STM32CubeIDE/STM32CubeIDE_1.14.0/STM32CubeIDE/plugins/com.st.stm32cube.ide.mcu.externaltools.gnu-tools-for-stm32.11.3.rel1.win32_1.1.100.202309141235/tools/bin/../lib/gcc/arm-none-eabi/11.3.1/../../../../arm-none-eabi/lib/thumb/v7e-m+fp/hard\libc_nano.a(libc_a-dtoa.o)
                                         0x8f (size before relaxing)
 .rodata._Balloc.str1.1
                0x00000000080332ad       0x59 E:/Microprocessors-Microcontrollers/STM32CubeIDE/STM32CubeIDE_1.14.0/STM32CubeIDE/plugins/com.st.stm32cube.ide.mcu.externaltools.gnu-tools-for-stm32.11.3.rel1.win32_1.1.100.202309141235/tools/bin/../lib/gcc/arm-none-eabi/11.3.1/../../../../arm-none-eabi/lib/thumb/v7e-m+fp/hard\libc_nano.a(libc_a-mprec.o)
                                         0x70 (size before relaxing)
 .rodata.__multadd.str1.1
                0x0000000008033306       0x11 E:/Microprocessors-Microcontrollers/STM32CubeIDE/STM32CubeIDE_1.14.0/STM32CubeIDE/plugins/com.st.stm32cube.ide.mcu.externaltools.gnu-tools-for-stm32.11.3.rel1.win32_1.1.100.202309141235/tools/bin/../lib/gcc/arm-none-eabi/11.3.1/../../../../arm-none-eabi/lib/thumb/v7e-m+fp/hard\libc_nano.a(libc_a-mprec.o)
 *fill*         0x0000000008033306        0x2 
 .rodata.__mprec_bigtens
                0x0000000008033308       0x28 E:/Microprocessors-Microcontrollers/STM32CubeIDE/STM32CubeIDE_1.14.0/STM32CubeIDE/plugins/com.st.stm32cube.ide.mcu.externaltools.gnu-tools-for-stm32.11.3.rel1.win32_1.1.100.202309141235/tools/bin/../lib/gcc/arm-none-eabi/11.3.1/../../../../arm-none-eabi/lib/thumb/v7e-m+fp/hard\libc_nano.a(libc_a-mprec.o)
                0x0000000008033308                __mprec_bigtens
 .rodata.__mprec_tens
                0x0000000008033330       0xc8 E:/Microprocessors-Microcontrollers/STM32CubeIDE/STM32CubeIDE_1.14.0/STM32CubeIDE/plugins/com.st.stm32cube.ide.mcu.externaltools.gnu-tools-for-stm32.11.3.rel1.win32_1.1.100.202309141235/tools/bin/../lib/gcc/arm-none-eabi/11.3.1/../../../../arm-none-eabi/lib/thumb/v7e-m+fp/hard\libc_nano.a(libc_a-mprec.o)
                0x0000000008033330                __mprec_tens
 .rodata.p05.0  0x00000000080333f8        0xc E:/Microprocessors-Microcontrollers/STM32CubeIDE/STM32CubeIDE_1.14.0/STM32CubeIDE/plugins/com.st.stm32cube.ide.mcu.externaltools.gnu-tools-for-stm32.11.3.rel1.win32_1.1.100.202309141235/tools/bin/../lib/gcc/arm-none-eabi/11.3.1/../../../../arm-none-eabi/lib/thumb/v7e-m+fp/hard\libc_nano.a(libc_a-mprec.o)
 .rodata._svfprintf_r.str1.1
                0x0000000008033404       0x11 E:/Microprocessors-Microcontrollers/STM32CubeIDE/STM32CubeIDE_1.14.0/STM32CubeIDE/plugins/com.st.stm32cube.ide.mcu.externaltools.gnu-tools-for-stm32.11.3.rel1.win32_1.1.100.202309141235/tools/bin/../lib/gcc/arm-none-eabi/11.3.1/../../../../arm-none-eabi/lib/thumb/v7e-m+fp/hard\libc_nano.a(libc_a-nano-svfprintf.o)
 .rodata._setlocale_r.str1.1
                0x0000000008033415        0x8 E:/Microprocessors-Microcontrollers/STM32CubeIDE/STM32CubeIDE_1.14.0/STM32CubeIDE/plugins/com.st.stm32cube.ide.mcu.externaltools.gnu-tools-for-stm32.11.3.rel1.win32_1.1.100.202309141235/tools/bin/../lib/gcc/arm-none-eabi/11.3.1/../../../../arm-none-eabi/lib/thumb/v7e-m+fp/hard\libc_nano.a(libc_a-locale.o)
                                          0x9 (size before relaxing)
 .rodata.str1.1
                0x000000000803341d        0x2 E:/Microprocessors-Microcontrollers/STM32CubeIDE/STM32CubeIDE_1.14.0/STM32CubeIDE/plugins/com.st.stm32cube.ide.mcu.externaltools.gnu-tools-for-stm32.11.3.rel1.win32_1.1.100.202309141235/tools/bin/../lib/gcc/arm-none-eabi/11.3.1/../../../../arm-none-eabi/lib/thumb/v7e-m+fp/hard\libc_nano.a(libc_a-locale.o)
 .rodata._ctype_
                0x000000000803341f      0x101 E:/Microprocessors-Microcontrollers/STM32CubeIDE/STM32CubeIDE_1.14.0/STM32CubeIDE/plugins/com.st.stm32cube.ide.mcu.externaltools.gnu-tools-for-stm32.11.3.rel1.win32_1.1.100.202309141235/tools/bin/../lib/gcc/arm-none-eabi/11.3.1/../../../../arm-none-eabi/lib/thumb/v7e-m+fp/hard\libc_nano.a(libc_a-ctype_.o)
                0x000000000803341f                _ctype_
 .rodata._vfprintf_r.str1.1
                0x0000000008033520       0x11 E:/Microprocessors-Microcontrollers/STM32CubeIDE/STM32CubeIDE_1.14.0/STM32CubeIDE/plugins/com.st.stm32cube.ide.mcu.externaltools.gnu-tools-for-stm32.11.3.rel1.win32_1.1.100.202309141235/tools/bin/../lib/gcc/arm-none-eabi/11.3.1/../../../../arm-none-eabi/lib/thumb/v7e-m+fp/hard\libc_nano.a(libc_a-nano-vfprintf.o)
                0x0000000008033534                . = ALIGN (0x4)

.ARM.extab      0x0000000008033520        0x0
                0x0000000008033520                . = ALIGN (0x4)
 *(.ARM.extab* .gnu.linkonce.armextab.*)
                0x0000000008033520                . = ALIGN (0x4)

.ARM            0x0000000008033520        0x8
                0x0000000008033520                . = ALIGN (0x4)
                0x0000000008033520                __exidx_start = .
 *(.ARM.exidx*)
 .ARM.exidx     0x0000000008033520        0x8 E:/Microprocessors-Microcontrollers/STM32CubeIDE/STM32CubeIDE_1.14.0/STM32CubeIDE/plugins/com.st.stm32cube.ide.mcu.externaltools.gnu-tools-for-stm32.11.3.rel1.win32_1.1.100.202309141235/tools/bin/../lib/gcc/arm-none-eabi/11.3.1/thumb/v7e-m+fp/hard\libgcc.a(_udivmoddi4.o)
                0x0000000008033528                __exidx_end = .
                0x0000000008033528                . = ALIGN (0x4)

.rel.dyn        0x0000000008033528        0x0
 .rel.iplt      0x0000000008033528        0x0 E:/Microprocessors-Microcontrollers/STM32CubeIDE/STM32CubeIDE_1.14.0/STM32CubeIDE/plugins/com.st.stm32cube.ide.mcu.externaltools.gnu-tools-for-stm32.11.3.rel1.win32_1.1.100.202309141235/tools/bin/../lib/gcc/arm-none-eabi/11.3.1/thumb/v7e-m+fp/hard/crtbegin.o

.preinit_array  0x0000000008033528        0x0
                0x0000000008033528                . = ALIGN (0x4)
                0x0000000008033528                PROVIDE (__preinit_array_start = .)
 *(.preinit_array*)
                0x0000000008033528                PROVIDE (__preinit_array_end = .)
                0x0000000008033528                . = ALIGN (0x4)

.init_array     0x0000000008033528        0x4
                0x0000000008033528                . = ALIGN (0x4)
                0x0000000008033528                PROVIDE (__init_array_start = .)
 *(SORT_BY_NAME(.init_array.*))
 *(.init_array*)
 .init_array    0x0000000008033528        0x4 E:/Microprocessors-Microcontrollers/STM32CubeIDE/STM32CubeIDE_1.14.0/STM32CubeIDE/plugins/com.st.stm32cube.ide.mcu.externaltools.gnu-tools-for-stm32.11.3.rel1.win32_1.1.100.202309141235/tools/bin/../lib/gcc/arm-none-eabi/11.3.1/thumb/v7e-m+fp/hard/crtbegin.o
                0x000000000803352c                PROVIDE (__init_array_end = .)
                0x000000000803352c                . = ALIGN (0x4)

.fini_array     0x000000000803352c        0x4
                0x000000000803352c                . = ALIGN (0x4)
                [!provide]                        PROVIDE (__fini_array_start = .)
 *(SORT_BY_NAME(.fini_array.*))
 *(.fini_array*)
 .fini_array    0x000000000803352c        0x4 E:/Microprocessors-Microcontrollers/STM32CubeIDE/STM32CubeIDE_1.14.0/STM32CubeIDE/plugins/com.st.stm32cube.ide.mcu.externaltools.gnu-tools-for-stm32.11.3.rel1.win32_1.1.100.202309141235/tools/bin/../lib/gcc/arm-none-eabi/11.3.1/thumb/v7e-m+fp/hard/crtbegin.o
                [!provide]                        PROVIDE (__fini_array_end = .)
                0x0000000008033530                . = ALIGN (0x4)
                0x0000000008033530                _sidata = LOADADDR (.data)

.data           0x0000000020000000      0x1dc load address 0x0000000008033530
                0x0000000020000000                . = ALIGN (0x4)
                0x0000000020000000                _sdata = .
 *(.data)
 *(.data*)
 .data.led_7seg
                0x0000000020000000        0x4 ./Core/Src/led_7seg.o
 .data.spi_buffer
                0x0000000020000004        0x2 ./Core/Src/led_7seg.o
 *fill*         0x0000000020000006        0x2 
 .data.SystemCoreClock
                0x0000000020000008        0x4 ./Core/Src/system_stm32f4xx.o
                0x0000000020000008                SystemCoreClock
 .data.uwTickPrio
                0x000000002000000c        0x4 ./Drivers/STM32F4xx_HAL_Driver/Src/stm32f4xx_hal.o
                0x000000002000000c                uwTickPrio
 .data.uwTickFreq
                0x0000000020000010        0x1 ./Drivers/STM32F4xx_HAL_Driver/Src/stm32f4xx_hal.o
                0x0000000020000010                uwTickFreq
 *fill*         0x0000000020000011        0x3 
 .data.__sglue  0x0000000020000014        0xc E:/Microprocessors-Microcontrollers/STM32CubeIDE/STM32CubeIDE_1.14.0/STM32CubeIDE/plugins/com.st.stm32cube.ide.mcu.externaltools.gnu-tools-for-stm32.11.3.rel1.win32_1.1.100.202309141235/tools/bin/../lib/gcc/arm-none-eabi/11.3.1/../../../../arm-none-eabi/lib/thumb/v7e-m+fp/hard\libc_nano.a(libc_a-findfp.o)
                0x0000000020000014                __sglue
 .data._impure_data
                0x0000000020000020       0x4c E:/Microprocessors-Microcontrollers/STM32CubeIDE/STM32CubeIDE_1.14.0/STM32CubeIDE/plugins/com.st.stm32cube.ide.mcu.externaltools.gnu-tools-for-stm32.11.3.rel1.win32_1.1.100.202309141235/tools/bin/../lib/gcc/arm-none-eabi/11.3.1/../../../../arm-none-eabi/lib/thumb/v7e-m+fp/hard\libc_nano.a(libc_a-impure.o)
                0x0000000020000020                _impure_data
 .data._impure_ptr
                0x000000002000006c        0x4 E:/Microprocessors-Microcontrollers/STM32CubeIDE/STM32CubeIDE_1.14.0/STM32CubeIDE/plugins/com.st.stm32cube.ide.mcu.externaltools.gnu-tools-for-stm32.11.3.rel1.win32_1.1.100.202309141235/tools/bin/../lib/gcc/arm-none-eabi/11.3.1/../../../../arm-none-eabi/lib/thumb/v7e-m+fp/hard\libc_nano.a(libc_a-impure.o)
                0x000000002000006c                _impure_ptr
 .data.__global_locale