../Core/Src/game_ui.c:24:6:draw_potentiometer_prompt	56	static
../Core/Src/game_ui.c:57:6:game_init_state	24	static
../Core/Src/game_ui.c:98:6:game_draw_initial_scene	24	static
../Core/Src/game_ui.c:117:6:game_update_screen	72	static
../Core/Src/game_ui.c:173:6:game_handle_paddle_buttons	24	static
../Core/Src/game_ui.c:200:6:game_draw_pause_screen	72	static
../Core/Src/game_ui.c:223:6:game_clear_pause_screen	16	static
../Core/Src/game_ui.c:231:6:spawn_extra_ball	24	static
../Core/Src/game_ui.c:249:6:apply_plus_powerup	16	static
../Core/Src/game_ui.c:263:6:init_bricks_for_level	48	static
../Core/Src/game_ui.c:308:6:advance_level	32	static
../Core/Src/game_ui.c:327:6:game_draw_game_over_screen	56	static
../Core/Src/game_ui.c:340:6:game_update_paddle	32	static
../Core/Src/game_ui.c:349:6:game_update_ball	24	static
../Core/Src/game_ui.c:359:6:game_erase_brick	32	static
../Core/Src/game_ui.c:363:6:game_update_ui_bar	16	static
../Core/Src/game_ui.c:369:13:draw_ui_bar	72	static
../Core/Src/game_ui.c:390:6:draw_game_border	16	static
../Core/Src/game_ui.c:394:13:draw_bricks	64	static
../Core/Src/game_ui.c:446:13:draw_paddle	32	static
../Core/Src/game_ui.c:450:13:draw_ball	32	static
../Core/Src/game_ui.c:455:6:game_erase_ball	24	static
